#
# There is insufficient memory for the Java Runtime Environment to continue.
# Native memory allocation (malloc) failed to allocate 1421296 bytes. Error detail: Chunk::new
# Possible reasons:
#   The system is out of physical RAM or swap space
#   This process is running with CompressedOops enabled, and the Java Heap may be blocking the growth of the native heap
# Possible solutions:
#   Reduce memory load on the system
#   Increase physical memory or swap space
#   Check if swap backing store is full
#   Decrease Java heap size (-Xmx/-Xms)
#   Decrease number of Java threads
#   Decrease Java thread stack sizes (-Xss)
#   Set larger code cache with -XX:ReservedCodeCacheSize=
#   JVM is running with Unscaled Compressed Oops mode in which the Java heap is
#     placed in the first 4GB address space. The Java Heap base address is the
#     maximum limit for the native heap growth. Please use -XX:HeapBaseMinAddress
#     to set the Java Heap base and to place the Java Heap above 4GB virtual address.
# This output file may be truncated or incomplete.
#
#  Out of Memory Error (arena.cpp:168), pid=18132, tid=15556
#
# JRE version: OpenJDK Runtime Environment Temurin-21.0.12.1+1 (21.0.12.1+1) (build 21.0.12.1+1-LTS)
# Java VM: OpenJDK 64-Bit Server VM Temurin-21.0.12.1+1 (21.0.12.1+1-LTS, mixed mode, sharing, tiered, compressed oops, compressed class ptrs, parallel gc, windows-amd64)
# No core dump will be written. Minidumps are not enabled by default on client versions of Windows
#

---------------  S U M M A R Y ------------

Command Line: --add-modules=ALL-SYSTEM --add-opens=java.base/java.util=ALL-UNNAMED --add-opens=java.base/java.lang=ALL-UNNAMED --add-opens=java.base/sun.nio.fs=ALL-UNNAMED -Declipse.application=org.eclipse.jdt.ls.core.id1 -Dosgi.bundles.defaultStartLevel=4 -Declipse.product=org.eclipse.jdt.ls.core.product -Djava.import.generatesMetadataFilesAtProjectRoot=false -Dm2e.project.cache.size=50 -DDetectVMInstallationsJob.disabled=true -Dfile.encoding=utf8 -XX:+UseParallelGC -XX:GCTimeRatio=4 -XX:AdaptiveSizePolicyWeight=90 -Dsun.zip.disableMemoryMapping=true -Xmx2G -Xms100m -Xlog:disable -javaagent:c:\Users\Lenovo\.vscode\extensions\redhat.java-1.56.0-win32-x64\lombok\lombok-1.18.39-4050.jar -XX:+HeapDumpOnOutOfMemoryError -XX:HeapDumpPath=c:\Users\Lenovo\AppData\Roaming\Code\User\workspaceStorage\924dcd68363d28c96455ce80cf54f024\redhat.java -Daether.dependencyCollector.impl=bf c:\Users\Lenovo\.vscode\extensions\redhat.java-1.56.0-win32-x64\server\plugins\org.eclipse.equinox.launcher_1.8.0.v20260804-1928.jar -configuration c:\Users\Lenovo\AppData\Roaming\Code\User\globalStorage\redhat.java\1.56.0\config_win -data c:\Users\Lenovo\AppData\Roaming\Code\User\workspaceStorage\924dcd68363d28c96455ce80cf54f024\redhat.java\jdt_ws --stdio

Host: Intel(R) Core(TM) i5-10210U CPU @ 1.60GHz, 8 cores, 7G,  Windows 11 , 64 bit Build 26100 (10.0.26100.9444)
Time: Sun Sep 20 11:39:55 2026 India Standard Time elapsed time: 58.085899 seconds (0d 0h 0m 58s)

---------------  T H R E A D  ---------------

Current thread (0x00000173dc3bc450):  JavaThread "C2 CompilerThread0" daemon [_thread_in_native, id=15556, stack(0x00000022fb500000,0x00000022fb600000) (1024K)]


Current CompileTask:
C2:58086 11411   !   4       org.eclipse.jdt.internal.compiler.classfmt.ClassFileReader::<init> (1968 bytes)

Stack: [0x00000022fb500000,0x00000022fb600000]
Native frames: (J=compiled Java code, j=interpreted, Vv=VM code, C=native code)
V  [jvm.dll+0x6d83e9]
V  [jvm.dll+0x8b5736]
V  [jvm.dll+0x8b7cee]
V  [jvm.dll+0x8b83d3]
V  [jvm.dll+0x284596]
V  [jvm.dll+0xc685d]
V  [jvm.dll+0xc6da1]
V  [jvm.dll+0x3bf151]
V  [jvm.dll+0x38b6d2]
V  [jvm.dll+0x38ab1a]
V  [jvm.dll+0x24c700]
V  [jvm.dll+0x24bce0]
V  [jvm.dll+0x1cb4ae]
V  [jvm.dll+0x25baad]
V  [jvm.dll+0x25a03a]
V  [jvm.dll+0x3f8aae]
V  [jvm.dll+0x8600cd]
V  [jvm.dll+0x6d6c1d]
C  [ucrtbase.dll+0x2cd30]
C  [KERNEL32.DLL+0x2cd87]
C  [ntdll.dll+0xacaec]


---------------  P R O C E S S  ---------------

Threads class SMR info:
_java_thread_list=0x00000173fce21a80, length=199, elements={
0x00000173dc439de0, 0x00000173dc3ad010, 0x00000173dc3b0400, 0x00000173dc3b2bb0,
0x00000173dc3b4bd0, 0x00000173dc3b5830, 0x00000173dc3b82a0, 0x00000173dc3bc450,
0x00000173dc3be450, 0x00000173f48804e0, 0x00000173f49c45b0, 0x00000173f92bc1e0,
0x00000173f93fff20, 0x00000173f9400c40, 0x00000173f94005b0, 0x00000173f93ff890,
0x00000173f9905d40, 0x00000173f9906a60, 0x00000173f9907780, 0x00000173f9904300,
0x00000173f9907e10, 0x00000173f99063d0, 0x00000173f9904990, 0x00000173f99084a0,
0x00000173f9905020, 0x00000173f99070f0, 0x00000173f99056b0, 0x00000173f990b920,
0x00000173f9908b30, 0x00000173f9909850, 0x00000173f9909ee0, 0x00000173f990a570,
0x00000173f980aeb0, 0x00000173f980a190, 0x00000173f98080c0, 0x00000173f980bbd0,
0x00000173f9808750, 0x00000173f980b540, 0x00000173f9808de0, 0x00000173f980c260,
0x00000173f980c8f0, 0x00000173f980a820, 0x00000173f9809470, 0x00000173f9809b00,
0x00000173f980f6e0, 0x00000173f980cf80, 0x00000173f980dca0, 0x00000173f980f050,
0x00000173f980d610, 0x00000173f980e9c0, 0x00000173f980e330, 0x00000173fc36a0d0,
0x00000173fc36b480, 0x00000173fc368d20, 0x00000173fc36adf0, 0x00000173fc368000,
0x00000173fc368690, 0x00000173fc36c1a0, 0x00000173fc36bb10, 0x00000173fc36cec0,
0x00000173fc36c830, 0x00000173fc36d550, 0x00000173fc369a40, 0x00000173fc36a760,
0x00000173fc36e900, 0x00000173fc36e270, 0x00000173fc36f620, 0x00000173fc36ef90,
0x00000173fd6b2a90, 0x00000173fd6b3e40, 0x00000173fd6b44d0, 0x00000173fd6b4b60,
0x00000173fd6b2400, 0x00000173fd6b1d70, 0x00000173fd6b5880, 0x00000173fd6b3120,
0x00000173fd6b5f10, 0x00000173fd6b65a0, 0x00000173fd6b37b0, 0x00000173fd6b7950,
0x00000173fd6b8670, 0x00000173fd6b6c30, 0x00000173fd6b7fe0, 0x00000173fd6b8d00,
0x00000173fd6b72c0, 0x00000173f9651a40, 0x00000173f9654ec0, 0x00000173f96520d0,
0x00000173f9655550, 0x00000173f9655be0, 0x00000173f9652760, 0x00000173f9653480,
0x00000173f96541a0, 0x00000173f9654830, 0x00000173f9652df0, 0x00000173f9659060,
0x00000173f9656f90, 0x00000173f9657620, 0x00000173f9657cb0, 0x00000173f9656270,
0x00000173f9658340, 0x00000173f96589d0, 0x00000173fc70a7d0, 0x00000173fc70ae60,
0x00000173fc709ab0, 0x00000173fc708700, 0x00000173fc70a140, 0x00000173fc709420,
0x00000173fc708070, 0x00000173fc70bb80, 0x00000173fc70b4f0, 0x00000173fc70c210,
0x00000173fc70d5c0, 0x00000173fc70dc50, 0x00000173fc708d90, 0x00000173fc70f690,
0x00000173fc70cf30, 0x00000173fcad8f80, 0x00000173fcad9610, 0x00000173fcad7540,
0x00000173fcadb050, 0x00000173fcad7bd0, 0x00000173fcadb6e0, 0x00000173fcada9c0,
0x00000173fcadbd70, 0x00000173fcad88f0, 0x00000173fcad9ca0, 0x00000173fcad8260,
0x00000173fcadc400, 0x00000173fcadca90, 0x00000173fcadd120, 0x00000173fcadd7b0,
0x00000173fcadde40, 0x00000173fcade4d0, 0x00000173fcada330, 0x00000173fcadeb60,
0x00000173fc70e2e0, 0x00000173fc957410, 0x00000173fc957aa0, 0x00000173fc958130,
0x00000173fc9587c0, 0x00000173fc958e50, 0x00000173fc955340, 0x00000173fc9566f0,
0x00000173fc9594e0, 0x00000173fc956060, 0x00000173fc9559d0, 0x00000173fc95a890,
0x00000173fc95c960, 0x00000173fc959b70, 0x00000173fc95a200, 0x00000173fc95b5b0,
0x00000173fc95af20, 0x00000173fc95bc40, 0x00000173fc70c8a0, 0x00000173fc764f00,
0x00000173fc762e30, 0x00000173fc763b50, 0x00000173fc764870, 0x00000173fc765590,
0x00000173fc7634c0, 0x00000173fc765c20, 0x00000173fc768380, 0x00000173fc768a10,
0x00000173fc7690a0, 0x00000173fc767cf0, 0x00000173fc766940, 0x00000173fc767660,
0x00000173fc769730, 0x00000173fcfab400, 0x00000173fcfadb60, 0x00000173fcfae1f0,
0x00000173fcfac120, 0x00000173fcfaef10, 0x00000173fcfafc30, 0x00000173fcfae880,
0x00000173fcfb2390, 0x00000173fcfb02c0, 0x00000173fcfac7b0, 0x00000173fcfaad70,
0x00000173fcfb1670, 0x00000173fcfb1d00, 0x00000173fcfaba90, 0x00000173fcfaf5a0,
0x00000173fcfad4d0, 0x00000173fcface40, 0x00000173fc766fd0, 0x00000173fc7641e0,
0x00000173fc769dc0, 0x00000173fc7627a0, 0x00000173fc7662b0, 0x00000173fcfb0950,
0x00000173f9656900, 0x00000173fd6b9390, 0x00000173fc70e970, 0x00000173fc70f000,
0x00000173fd6b51f0, 0x00000173f9653b10, 0x00000173fcfb0fe0
}

Java Threads: ( => current thread )
  0x00000173dc439de0 JavaThread "main"                              [_thread_blocked, id=7180, stack(0x00000022fab00000,0x00000022fac00000) (1024K)]
  0x00000173dc3ad010 JavaThread "Reference Handler"          daemon [_thread_blocked, id=4500, stack(0x00000022faf00000,0x00000022fb000000) (1024K)]
  0x00000173dc3b0400 JavaThread "Finalizer"                  daemon [_thread_blocked, id=14876, stack(0x00000022fb000000,0x00000022fb100000) (1024K)]
  0x00000173dc3b2bb0 JavaThread "Signal Dispatcher"          daemon [_thread_blocked, id=8336, stack(0x00000022fb100000,0x00000022fb200000) (1024K)]
  0x00000173dc3b4bd0 JavaThread "Attach Listener"            daemon [_thread_blocked, id=3528, stack(0x00000022fb200000,0x00000022fb300000) (1024K)]
  0x00000173dc3b5830 JavaThread "Service Thread"             daemon [_thread_blocked, id=19120, stack(0x00000022fb300000,0x00000022fb400000) (1024K)]
  0x00000173dc3b82a0 JavaThread "Monitor Deflation Thread"   daemon [_thread_blocked, id=17448, stack(0x00000022fb400000,0x00000022fb500000) (1024K)]
=>0x00000173dc3bc450 JavaThread "C2 CompilerThread0"         daemon [_thread_in_native, id=15556, stack(0x00000022fb500000,0x00000022fb600000) (1024K)]
  0x00000173dc3be450 JavaThread "C1 CompilerThread0"         daemon [_thread_blocked, id=17700, stack(0x00000022fb600000,0x00000022fb700000) (1024K)]
  0x00000173f48804e0 JavaThread "Common-Cleaner"             daemon [_thread_blocked, id=17168, stack(0x00000022fb700000,0x00000022fb800000) (1024K)]
  0x00000173f49c45b0 JavaThread "Notification Thread"        daemon [_thread_blocked, id=4760, stack(0x00000022fb800000,0x00000022fb900000) (1024K)]
  0x00000173f92bc1e0 JavaThread "Active Thread: Equinox Container: a5706446-2569-414f-be97-4599f3bd2f0b"        [_thread_blocked, id=6460, stack(0x00000022fbf00000,0x00000022fc000000) (1024K)]
  0x00000173f93fff20 JavaThread "Refresh Thread: Equinox Container: a5706446-2569-414f-be97-4599f3bd2f0b" daemon [_thread_blocked, id=16936, stack(0x00000022fc100000,0x00000022fc200000) (1024K)]
  0x00000173f9400c40 JavaThread "Framework Event Dispatcher: Equinox Container: a5706446-2569-414f-be97-4599f3bd2f0b" daemon [_thread_blocked, id=16840, stack(0x00000022fc200000,0x00000022fc300000) (1024K)]
  0x00000173f94005b0 JavaThread "Start Level: Equinox Container: a5706446-2569-414f-be97-4599f3bd2f0b" daemon [_thread_blocked, id=10016, stack(0x00000022fc300000,0x00000022fc400000) (1024K)]
  0x00000173f93ff890 JavaThread "Bundle File Closer"         daemon [_thread_blocked, id=9624, stack(0x00000022fc400000,0x00000022fc500000) (1024K)]
  0x00000173f9905d40 JavaThread "SCR Component Actor"        daemon [_thread_blocked, id=14068, stack(0x00000022fc500000,0x00000022fc600000) (1024K)]
  0x00000173f9906a60 JavaThread "Worker-JM"                         [_thread_blocked, id=9452, stack(0x00000022fc600000,0x00000022fc700000) (1024K)]
  0x00000173f9907780 JavaThread "JNA Cleaner"                daemon [_thread_blocked, id=6808, stack(0x00000022fc700000,0x00000022fc800000) (1024K)]
  0x00000173f9904300 JavaThread "Worker-0: Initialize workspace"        [_thread_blocked, id=8136, stack(0x00000022fc800000,0x00000022fc900000) (1024K)]
  0x00000173f9907e10 JavaThread "Worker-1: Initialize workspace"        [_thread_blocked, id=9884, stack(0x00000022fc900000,0x00000022fca00000) (1024K)]
  0x00000173f99063d0 JavaThread "Worker-2: Initialize workspace"        [_thread_blocked, id=19912, stack(0x00000022fca00000,0x00000022fcb00000) (1024K)]
  0x00000173f9904990 JavaThread "Worker-3: Initialize workspace"        [_thread_blocked, id=17980, stack(0x00000022fcb00000,0x00000022fcc00000) (1024K)]
  0x00000173f99084a0 JavaThread "Java indexing"              daemon [_thread_blocked, id=1908, stack(0x00000022fcc00000,0x00000022fcd00000) (1024K)]
  0x00000173f9905020 JavaThread "Worker-4: Initialize workspace"        [_thread_blocked, id=20268, stack(0x00000022fcf00000,0x00000022fd000000) (1024K)]
  0x00000173f99070f0 JavaThread "Worker-5: Initialize workspace"        [_thread_blocked, id=20120, stack(0x00000022fd000000,0x00000022fd100000) (1024K)]
  0x00000173f99056b0 JavaThread "pool-2-thread-1"                   [_thread_blocked, id=10008, stack(0x00000022fd100000,0x00000022fd200000) (1024K)]
  0x00000173f990b920 JavaThread "WorkspaceEventsHandler"            [_thread_blocked, id=10432, stack(0x00000022fd200000,0x00000022fd300000) (1024K)]
  0x00000173f9908b30 JavaThread "pool-1-thread-1"                   [_thread_blocked, id=9064, stack(0x00000022fd300000,0x00000022fd400000) (1024K)]
  0x00000173f9909850 JavaThread "PatternSearchJob-worker-1"  daemon [_thread_blocked, id=21424, stack(0x00000022fd400000,0x00000022fd500000) (1024K)]
  0x00000173f9909ee0 JavaThread "PatternSearchJob-worker-2"  daemon [_thread_blocked, id=15368, stack(0x00000022fd500000,0x00000022fd600000) (1024K)]
  0x00000173f990a570 JavaThread "PatternSearchJob-worker-3"  daemon [_thread_blocked, id=16372, stack(0x00000022fd600000,0x00000022fd700000) (1024K)]
  0x00000173f980aeb0 JavaThread "PatternSearchJob-worker-4"  daemon [_thread_blocked, id=7440, stack(0x00000022fd700000,0x00000022fd800000) (1024K)]
  0x00000173f980a190 JavaThread "PatternSearchJob-worker-5"  daemon [_thread_blocked, id=2320, stack(0x00000022fd800000,0x00000022fd900000) (1024K)]
  0x00000173f98080c0 JavaThread "PatternSearchJob-worker-6"  daemon [_thread_in_native, id=4460, stack(0x00000022fd900000,0x00000022fda00000) (1024K)]
  0x00000173f980bbd0 JavaThread "PatternSearchJob-worker-7"  daemon [_thread_blocked, id=14900, stack(0x00000022fda00000,0x00000022fdb00000) (1024K)]
  0x00000173f9808750 JavaThread "Timer-0"                           [_thread_blocked, id=10660, stack(0x00000022fdc00000,0x00000022fdd00000) (1024K)]
  0x00000173f980b540 JavaThread "Timer-1"                           [_thread_blocked, id=5844, stack(0x00000022fdd00000,0x00000022fde00000) (1024K)]
  0x00000173f9808de0 JavaThread "Timer-2"                           [_thread_blocked, id=20548, stack(0x00000022fde00000,0x00000022fdf00000) (1024K)]
  0x00000173f980c260 JavaThread "Timer-3"                           [_thread_blocked, id=16984, stack(0x00000022fdf00000,0x00000022fe000000) (1024K)]
  0x00000173f980c8f0 JavaThread "Worker-6: Initialize workspace"        [_thread_blocked, id=15612, stack(0x00000022fdb00000,0x00000022fdc00000) (1024K)]
  0x00000173f980a820 JavaThread "Timer-4"                           [_thread_blocked, id=21024, stack(0x00000022fe100000,0x00000022fe200000) (1024K)]
  0x00000173f9809470 JavaThread "Worker-7: Initialize workspace"        [_thread_blocked, id=22592, stack(0x00000022fe000000,0x00000022fe100000) (1024K)]
  0x00000173f9809b00 JavaThread "Timer-5"                           [_thread_blocked, id=21032, stack(0x00000022fe300000,0x00000022fe400000) (1024K)]
  0x00000173f980f6e0 JavaThread "Worker-8: Initialize workspace"        [_thread_blocked, id=18104, stack(0x00000022fe200000,0x00000022fe300000) (1024K)]
  0x00000173f980cf80 JavaThread "Timer-6"                           [_thread_blocked, id=20952, stack(0x00000022fe500000,0x00000022fe600000) (1024K)]
  0x00000173f980dca0 JavaThread "Worker-9: Initialize workspace"        [_thread_blocked, id=12512, stack(0x00000022fe400000,0x00000022fe500000) (1024K)]
  0x00000173f980f050 JavaThread "Timer-7"                           [_thread_blocked, id=15372, stack(0x00000022fe700000,0x00000022fe800000) (1024K)]
  0x00000173f980d610 JavaThread "Worker-10: Initialize workspace"        [_thread_blocked, id=23544, stack(0x00000022fe600000,0x00000022fe700000) (1024K)]
  0x00000173f980e9c0 JavaThread "Timer-8"                           [_thread_blocked, id=20668, stack(0x00000022fe900000,0x00000022fea00000) (1024K)]
  0x00000173f980e330 JavaThread "Worker-11: Initialize workspace"        [_thread_blocked, id=15384, stack(0x00000022fe800000,0x00000022fe900000) (1024K)]
  0x00000173fc36a0d0 JavaThread "Timer-9"                           [_thread_blocked, id=23316, stack(0x00000022feb00000,0x00000022fec00000) (1024K)]
  0x00000173fc36b480 JavaThread "Worker-12: Initialize workspace"        [_thread_blocked, id=21620, stack(0x00000022fea00000,0x00000022feb00000) (1024K)]
  0x00000173fc368d20 JavaThread "Timer-10"                          [_thread_blocked, id=9696, stack(0x00000022fed00000,0x00000022fee00000) (1024K)]
  0x00000173fc36adf0 JavaThread "Worker-13: Initialize workspace"        [_thread_blocked, id=23172, stack(0x00000022fec00000,0x00000022fed00000) (1024K)]
  0x00000173fc368000 JavaThread "Worker-14: Initialize workspace"        [_thread_blocked, id=23116, stack(0x00000022fee00000,0x00000022fef00000) (1024K)]
  0x00000173fc368690 JavaThread "Timer-11"                          [_thread_blocked, id=18024, stack(0x00000022ff000000,0x00000022ff100000) (1024K)]
  0x00000173fc36c1a0 JavaThread "Timer-12"                          [_thread_blocked, id=15768, stack(0x00000022ff100000,0x00000022ff200000) (1024K)]
  0x00000173fc36bb10 JavaThread "Worker-15: Initialize workspace"        [_thread_blocked, id=17984, stack(0x00000022fef00000,0x00000022ff000000) (1024K)]
  0x00000173fc36cec0 JavaThread "Timer-13"                          [_thread_blocked, id=19592, stack(0x00000022ff300000,0x00000022ff400000) (1024K)]
  0x00000173fc36c830 JavaThread "Worker-16: Initialize workspace"        [_thread_blocked, id=18688, stack(0x00000022ff200000,0x00000022ff300000) (1024K)]
  0x00000173fc36d550 JavaThread "Timer-14"                          [_thread_blocked, id=15816, stack(0x00000022ff500000,0x00000022ff600000) (1024K)]
  0x00000173fc369a40 JavaThread "Worker-17: Initialize workspace"        [_thread_blocked, id=3112, stack(0x00000022ff400000,0x00000022ff500000) (1024K)]
  0x00000173fc36a760 JavaThread "Timer-15"                          [_thread_blocked, id=5252, stack(0x00000022ff700000,0x00000022ff800000) (1024K)]
  0x00000173fc36e900 JavaThread "Timer-16"                          [_thread_blocked, id=19012, stack(0x00000022ff800000,0x00000022ff900000) (1024K)]
  0x00000173fc36e270 JavaThread "Worker-18: Initialize workspace"        [_thread_blocked, id=15600, stack(0x00000022ff900000,0x00000022ffa00000) (1024K)]
  0x00000173fc36f620 JavaThread "Worker-19: Initialize workspace"        [_thread_blocked, id=14052, stack(0x00000022ff600000,0x00000022ff700000) (1024K)]
  0x00000173fc36ef90 JavaThread "Connection worker"                 [_thread_blocked, id=7560, stack(0x00000022ffa00000,0x00000022ffb00000) (1024K)]
  0x00000173fd6b2a90 JavaThread "Connection worker"                 [_thread_blocked, id=5468, stack(0x00000022ffb00000,0x00000022ffc00000) (1024K)]
  0x00000173fd6b3e40 JavaThread "Connection worker"                 [_thread_blocked, id=23392, stack(0x00000022ffc00000,0x00000022ffd00000) (1024K)]
  0x00000173fd6b44d0 JavaThread "Connection worker"                 [_thread_blocked, id=2980, stack(0x00000022ffd00000,0x00000022ffe00000) (1024K)]
  0x00000173fd6b4b60 JavaThread "Connection worker"                 [_thread_blocked, id=12116, stack(0x00000022fff00000,0x0000002300000000) (1024K)]
  0x00000173fd6b2400 JavaThread "Timer-17"                          [_thread_blocked, id=3140, stack(0x0000002280000000,0x0000002280100000) (1024K)]
  0x00000173fd6b1d70 JavaThread "Connection worker"                 [_thread_in_native, id=22404, stack(0x0000002280100000,0x0000002280200000) (1024K)]
  0x00000173fd6b5880 JavaThread "Worker-20: Initialize workspace"        [_thread_blocked, id=22656, stack(0x0000002280200000,0x0000002280300000) (1024K)]
  0x00000173fd6b3120 JavaThread "Connection worker"                 [_thread_blocked, id=3588, stack(0x0000002280400000,0x0000002280500000) (1024K)]
  0x00000173fd6b5f10 JavaThread "Connection worker"                 [_thread_blocked, id=19316, stack(0x0000002280500000,0x0000002280600000) (1024K)]
  0x00000173fd6b65a0 JavaThread "Connection worker"                 [_thread_blocked, id=928, stack(0x0000002280600000,0x0000002280700000) (1024K)]
  0x00000173fd6b37b0 JavaThread "Timer-18"                          [_thread_blocked, id=16792, stack(0x0000002280800000,0x0000002280900000) (1024K)]
  0x00000173fd6b7950 JavaThread "Connection worker"                 [_thread_blocked, id=21468, stack(0x0000002280a00000,0x0000002280b00000) (1024K)]
  0x00000173fd6b8670 JavaThread "Connection worker"                 [_thread_blocked, id=10532, stack(0x0000002280700000,0x0000002280800000) (1024K)]
  0x00000173fd6b6c30 JavaThread "Timer-19"                          [_thread_blocked, id=10636, stack(0x0000002280b00000,0x0000002280c00000) (1024K)]
  0x00000173fd6b7fe0 JavaThread "Connection worker"                 [_thread_blocked, id=5096, stack(0x0000002280d00000,0x0000002280e00000) (1024K)]
  0x00000173fd6b8d00 JavaThread "Worker-21: Initialize workspace"        [_thread_blocked, id=848, stack(0x0000002280c00000,0x0000002280d00000) (1024K)]
  0x00000173fd6b72c0 JavaThread "Connection worker"                 [_thread_blocked, id=3932, stack(0x0000002280e00000,0x0000002280f00000) (1024K)]
  0x00000173f9651a40 JavaThread "Timer-20"                          [_thread_blocked, id=14312, stack(0x0000002281000000,0x0000002281100000) (1024K)]
  0x00000173f9654ec0 JavaThread "Connection worker"                 [_thread_blocked, id=11828, stack(0x0000002281200000,0x0000002281300000) (1024K)]
  0x00000173f96520d0 JavaThread "Connection worker"                 [_thread_blocked, id=2752, stack(0x0000002281300000,0x0000002281400000) (1024K)]
  0x00000173f9655550 JavaThread "Worker-22: Initialize workspace"        [_thread_blocked, id=11916, stack(0x0000002281100000,0x0000002281200000) (1024K)]
  0x00000173f9655be0 JavaThread "pool-4-thread-1"                   [_thread_blocked, id=10776, stack(0x0000002280f00000,0x0000002281000000) (1024K)]
  0x00000173f9652760 JavaThread "pool-3-thread-1"                   [_thread_blocked, id=2824, stack(0x0000002281400000,0x0000002281500000) (1024K)]
  0x00000173f9653480 JavaThread "pool-5-thread-1"                   [_thread_blocked, id=15188, stack(0x0000002281500000,0x0000002281600000) (1024K)]
  0x00000173f96541a0 JavaThread "Connection worker"                 [_thread_blocked, id=3804, stack(0x0000002281700000,0x0000002281800000) (1024K)]
  0x00000173f9654830 JavaThread "pool-7-thread-1"                   [_thread_blocked, id=11760, stack(0x0000002281800000,0x0000002281900000) (1024K)]
  0x00000173f9652df0 JavaThread "pool-10-thread-1"                  [_thread_blocked, id=20844, stack(0x0000002281900000,0x0000002281a00000) (1024K)]
  0x00000173f9659060 JavaThread "pool-14-thread-1"                  [_thread_blocked, id=17376, stack(0x0000002281a00000,0x0000002281b00000) (1024K)]
  0x00000173f9656f90 JavaThread "pool-15-thread-1"                  [_thread_blocked, id=7424, stack(0x0000002281c00000,0x0000002281d00000) (1024K)]
  0x00000173f9657620 JavaThread "pool-13-thread-1"                  [_thread_blocked, id=20988, stack(0x0000002281d00000,0x0000002281e00000) (1024K)]
  0x00000173f9657cb0 JavaThread "pool-12-thread-1"                  [_thread_blocked, id=5768, stack(0x0000002281e00000,0x0000002281f00000) (1024K)]
  0x00000173f9656270 JavaThread "pool-9-thread-1"                   [_thread_blocked, id=11848, stack(0x0000002281f00000,0x0000002282000000) (1024K)]
  0x00000173f9658340 JavaThread "pool-18-thread-1"                  [_thread_blocked, id=9744, stack(0x0000002282000000,0x0000002282100000) (1024K)]
  0x00000173f96589d0 JavaThread "pool-11-thread-1"                  [_thread_blocked, id=15328, stack(0x0000002282100000,0x0000002282200000) (1024K)]
  0x00000173fc70a7d0 JavaThread "pool-16-thread-1"                  [_thread_blocked, id=8052, stack(0x0000002282200000,0x0000002282300000) (1024K)]
  0x00000173fc70ae60 JavaThread "pool-8-thread-1"                   [_thread_blocked, id=6536, stack(0x0000002282300000,0x0000002282400000) (1024K)]
  0x00000173fc709ab0 JavaThread "pool-19-thread-1"                  [_thread_blocked, id=1172, stack(0x0000002282400000,0x0000002282500000) (1024K)]
  0x00000173fc708700 JavaThread "Connection worker"                 [_thread_blocked, id=17928, stack(0x0000002282500000,0x0000002282600000) (1024K)]
  0x00000173fc70a140 JavaThread "pool-20-thread-1"                  [_thread_blocked, id=21244, stack(0x0000002282600000,0x0000002282700000) (1024K)]
  0x00000173fc709420 JavaThread "pool-21-thread-1"                  [_thread_blocked, id=20700, stack(0x0000002282800000,0x0000002282900000) (1024K)]
  0x00000173fc708070 JavaThread "Timer-21"                          [_thread_blocked, id=14048, stack(0x0000002282900000,0x0000002282a00000) (1024K)]
  0x00000173fc70bb80 JavaThread "Worker-23: Initialize workspace"        [_thread_blocked, id=17780, stack(0x0000002282a00000,0x0000002282b00000) (1024K)]
  0x00000173fc70b4f0 JavaThread "Worker-24: Initialize workspace"        [_thread_blocked, id=16264, stack(0x0000002282b00000,0x0000002282c00000) (1024K)]
  0x00000173fc70c210 JavaThread "Connection worker"                 [_thread_blocked, id=21260, stack(0x0000002282c00000,0x0000002282d00000) (1024K)]
  0x00000173fc70d5c0 JavaThread "Timer-22"                          [_thread_blocked, id=16196, stack(0x0000002282e00000,0x0000002282f00000) (1024K)]
  0x00000173fc70dc50 JavaThread "pool-22-thread-1"                  [_thread_blocked, id=5508, stack(0x0000002283000000,0x0000002283100000) (1024K)]
  0x00000173fc708d90 JavaThread "Connection worker"                 [_thread_blocked, id=2560, stack(0x0000002282d00000,0x0000002282e00000) (1024K)]
  0x00000173fc70f690 JavaThread "Worker-25: Initialize workspace"        [_thread_blocked, id=21224, stack(0x0000002282f00000,0x0000002283000000) (1024K)]
  0x00000173fc70cf30 JavaThread "Timer-23"                          [_thread_blocked, id=18460, stack(0x0000002283400000,0x0000002283500000) (1024K)]
  0x00000173fcad8f80 JavaThread "pool-24-thread-1"                  [_thread_blocked, id=9752, stack(0x0000002283600000,0x0000002283700000) (1024K)]
  0x00000173fcad9610 JavaThread "Connection worker"                 [_thread_blocked, id=13852, stack(0x0000002283300000,0x0000002283400000) (1024K)]
  0x00000173fcad7540 JavaThread "Timer-24"                          [_thread_blocked, id=23252, stack(0x0000002283700000,0x0000002283800000) (1024K)]
  0x00000173fcadb050 JavaThread "pool-25-thread-1"                  [_thread_blocked, id=12828, stack(0x0000002283900000,0x0000002283a00000) (1024K)]
  0x00000173fcad7bd0 JavaThread "Worker-26: Initialize workspace"        [_thread_blocked, id=23440, stack(0x0000002283800000,0x0000002283900000) (1024K)]
  0x00000173fcadb6e0 JavaThread "Worker-27: Initialize workspace"        [_thread_blocked, id=16740, stack(0x0000002283500000,0x0000002283600000) (1024K)]
  0x00000173fcada9c0 JavaThread "Connection worker"                 [_thread_blocked, id=10220, stack(0x0000002283a00000,0x0000002283b00000) (1024K)]
  0x00000173fcadbd70 JavaThread "Timer-25"                          [_thread_blocked, id=22452, stack(0x0000002283c00000,0x0000002283d00000) (1024K)]
  0x00000173fcad88f0 JavaThread "pool-26-thread-1"                  [_thread_blocked, id=18440, stack(0x0000002283d00000,0x0000002283e00000) (1024K)]
  0x00000173fcad9ca0 JavaThread "Worker-28: Initialize workspace"        [_thread_blocked, id=11852, stack(0x0000002283b00000,0x0000002283c00000) (1024K)]
  0x00000173fcad8260 JavaThread "Connection worker"                 [_thread_blocked, id=16244, stack(0x0000002283f00000,0x0000002284000000) (1024K)]
  0x00000173fcadc400 JavaThread "Timer-26"                          [_thread_blocked, id=15780, stack(0x0000002284000000,0x0000002284100000) (1024K)]
  0x00000173fcadca90 JavaThread "pool-27-thread-1"                  [_thread_blocked, id=2820, stack(0x0000002284200000,0x0000002284300000) (1024K)]
  0x00000173fcadd120 JavaThread "Worker-29: Initialize workspace"        [_thread_blocked, id=3576, stack(0x0000002283e00000,0x0000002283f00000) (1024K)]
  0x00000173fcadd7b0 JavaThread "Connection worker"                 [_thread_blocked, id=15412, stack(0x0000002284100000,0x0000002284200000) (1024K)]
  0x00000173fcadde40 JavaThread "pool-28-thread-1"                  [_thread_blocked, id=7932, stack(0x0000002284400000,0x0000002284500000) (1024K)]
  0x00000173fcade4d0 JavaThread "Timer-27"                          [_thread_blocked, id=14080, stack(0x0000002284500000,0x0000002284600000) (1024K)]
  0x00000173fcada330 JavaThread "Worker-30: Initialize workspace"        [_thread_blocked, id=20816, stack(0x0000002284300000,0x0000002284400000) (1024K)]
  0x00000173fcadeb60 JavaThread "Connection worker"                 [_thread_blocked, id=5472, stack(0x0000002284600000,0x0000002284700000) (1024K)]
  0x00000173fc70e2e0 JavaThread "Timer-28"                          [_thread_blocked, id=13248, stack(0x0000002284800000,0x0000002284900000) (1024K)]
  0x00000173fc957410 JavaThread "pool-29-thread-1"                  [_thread_blocked, id=13596, stack(0x0000002284a00000,0x0000002284b00000) (1024K)]
  0x00000173fc957aa0 JavaThread "Worker-31: Initialize workspace"        [_thread_blocked, id=13236, stack(0x0000002284700000,0x0000002284800000) (1024K)]
  0x00000173fc958130 JavaThread "Connection worker"                 [_thread_blocked, id=12780, stack(0x0000002284900000,0x0000002284a00000) (1024K)]
  0x00000173fc9587c0 JavaThread "pool-30-thread-1"                  [_thread_blocked, id=21540, stack(0x0000002284b00000,0x0000002284c00000) (1024K)]
  0x00000173fc958e50 JavaThread "Timer-29"                          [_thread_blocked, id=16508, stack(0x0000002284d00000,0x0000002284e00000) (1024K)]
  0x00000173fc955340 JavaThread "Connection worker"                 [_thread_blocked, id=15324, stack(0x0000002284c00000,0x0000002284d00000) (1024K)]
  0x00000173fc9566f0 JavaThread "Worker-32: Initialize workspace"        [_thread_blocked, id=23396, stack(0x0000002284e00000,0x0000002284f00000) (1024K)]
  0x00000173fc9594e0 JavaThread "pool-31-thread-1"                  [_thread_blocked, id=18944, stack(0x0000002285000000,0x0000002285100000) (1024K)]
  0x00000173fc956060 JavaThread "Timer-30"                          [_thread_blocked, id=9560, stack(0x0000002285100000,0x0000002285200000) (1024K)]
  0x00000173fc9559d0 JavaThread "Connection worker"                 [_thread_blocked, id=1236, stack(0x0000002284f00000,0x0000002285000000) (1024K)]
  0x00000173fc95a890 JavaThread "Timer-31"                          [_thread_blocked, id=11096, stack(0x0000002285300000,0x0000002285400000) (1024K)]
  0x00000173fc95c960 JavaThread "pool-32-thread-1"                  [_thread_blocked, id=13088, stack(0x0000002285500000,0x0000002285600000) (1024K)]
  0x00000173fc959b70 JavaThread "Worker-33: Check JDK Index"        [_thread_blocked, id=14580, stack(0x0000002285400000,0x0000002285500000) (1024K)]
  0x00000173fc95a200 JavaThread "Exec process"                      [_thread_in_native, id=15492, stack(0x0000002285200000,0x0000002285300000) (1024K)]
  0x00000173fc95b5b0 JavaThread "Worker-34: Initialize Workspace"        [_thread_in_native, id=11216, stack(0x0000002285600000,0x0000002285700000) (1024K)]
  0x00000173fc95af20 JavaThread "Connection worker"                 [_thread_blocked, id=3492, stack(0x0000002285700000,0x0000002285800000) (1024K)]
  0x00000173fc95bc40 JavaThread "Timer-32"                          [_thread_blocked, id=15260, stack(0x0000002285900000,0x0000002285a00000) (1024K)]
  0x00000173fc70c8a0 JavaThread "pool-33-thread-1"                  [_thread_blocked, id=18560, stack(0x0000002285a00000,0x0000002285b00000) (1024K)]
  0x00000173fc764f00 JavaThread "Exec process"                      [_thread_in_native, id=22248, stack(0x0000002285c00000,0x0000002285d00000) (1024K)]
  0x00000173fc762e30 JavaThread "Exec process Thread 2"             [_thread_blocked, id=2332, stack(0x0000002285e00000,0x0000002285f00000) (1024K)]
  0x00000173fc763b50 JavaThread "Exec process Thread 2"             [_thread_blocked, id=7724, stack(0x0000002285b00000,0x0000002285c00000) (1024K)]
  0x00000173fc764870 JavaThread "Exec process"                      [_thread_in_native, id=11164, stack(0x0000002285d00000,0x0000002285e00000) (1024K)]
  0x00000173fc765590 JavaThread "Connection worker"                 [_thread_blocked, id=20136, stack(0x0000002285800000,0x0000002285900000) (1024K)]
  0x00000173fc7634c0 JavaThread "Exec process Thread 2"             [_thread_blocked, id=10040, stack(0x0000002286000000,0x0000002286100000) (1024K)]
  0x00000173fc765c20 JavaThread "Timer-33"                          [_thread_blocked, id=5488, stack(0x0000002286100000,0x0000002286200000) (1024K)]
  0x00000173fc768380 JavaThread "Exec process"                      [_thread_in_native, id=1824, stack(0x0000002286300000,0x0000002286400000) (1024K)]
  0x00000173fc768a10 JavaThread "pool-34-thread-1"                  [_thread_blocked, id=7252, stack(0x0000002286400000,0x0000002286500000) (1024K)]
  0x00000173fc7690a0 JavaThread "Worker-35: Initialize workspace"        [_thread_blocked, id=2476, stack(0x0000002286500000,0x0000002286600000) (1024K)]
  0x00000173fc767cf0 JavaThread "Exec process Thread 2"             [_thread_blocked, id=21432, stack(0x0000002286700000,0x0000002286800000) (1024K)]
  0x00000173fc766940 JavaThread "Connection worker"                 [_thread_blocked, id=15408, stack(0x0000002286600000,0x0000002286700000) (1024K)]
  0x00000173fc767660 JavaThread "Timer-34"                          [_thread_blocked, id=21108, stack(0x0000002286900000,0x0000002286a00000) (1024K)]
  0x00000173fc769730 JavaThread "pool-35-thread-1"                  [_thread_blocked, id=2468, stack(0x0000002286b00000,0x0000002286c00000) (1024K)]
  0x00000173fcfab400 JavaThread "Worker-36: Initialize workspace"        [_thread_blocked, id=7456, stack(0x0000002286a00000,0x0000002286b00000) (1024K)]
  0x00000173fcfadb60 JavaThread "Worker-37: Initialize workspace"        [_thread_blocked, id=5688, stack(0x0000002286800000,0x0000002286900000) (1024K)]
  0x00000173fcfae1f0 JavaThread "Exec process"                      [_thread_in_native, id=13508, stack(0x0000002286d00000,0x0000002286e00000) (1024K)]
  0x00000173fcfac120 JavaThread "Connection worker"                 [_thread_blocked, id=20320, stack(0x0000002287000000,0x0000002287100000) (1024K)]
  0x00000173fcfaef10 JavaThread "Timer-35"                          [_thread_blocked, id=3616, stack(0x0000002287300000,0x0000002287400000) (1024K)]
  0x00000173fcfafc30 JavaThread "Exec process Thread 2"             [_thread_blocked, id=13932, stack(0x0000002287600000,0x0000002287700000) (1024K)]
  0x00000173fcfae880 JavaThread "Exec process"                      [_thread_in_native, id=14240, stack(0x0000002287500000,0x0000002287600000) (1024K)]
  0x00000173fcfb2390 JavaThread "Exec process Thread 2"             [_thread_blocked, id=19976, stack(0x0000002287800000,0x0000002287900000) (1024K)]
  0x00000173fcfb02c0 JavaThread "pool-36-thread-1"                  [_thread_blocked, id=22236, stack(0x0000002287900000,0x0000002287a00000) (1024K)]
  0x00000173fcfac7b0 JavaThread "Worker-38: Initialize workspace"        [_thread_blocked, id=15376, stack(0x0000002287200000,0x0000002287300000) (1024K)]
  0x00000173fcfaad70 JavaThread "Exec process"                      [_thread_in_native, id=4276, stack(0x0000002287400000,0x0000002287500000) (1024K)]
  0x00000173fcfb1670 JavaThread "Connection worker"                 [_thread_blocked, id=2756, stack(0x0000002287700000,0x0000002287800000) (1024K)]
  0x00000173fcfb1d00 JavaThread "Exec process"                      [_thread_in_native, id=10616, stack(0x0000002287a00000,0x0000002287b00000) (1024K)]
  0x00000173fcfaba90 JavaThread "Connection worker"                 [_thread_blocked, id=15480, stack(0x0000002280300000,0x0000002280400000) (1024K)]
  0x00000173fcfaf5a0 JavaThread "Connection worker"                 [_thread_blocked, id=14268, stack(0x0000002281b00000,0x0000002281c00000) (1024K)]
  0x00000173fcfad4d0 JavaThread "Timer-36"                          [_thread_blocked, id=21872, stack(0x0000002283100000,0x0000002283200000) (1024K)]
  0x00000173fcface40 JavaThread "Connection worker"                 [_thread_blocked, id=19256, stack(0x0000002280900000,0x0000002280a00000) (1024K)]
  0x00000173fc766fd0 JavaThread "Exec process Thread 2"             [_thread_blocked, id=3460, stack(0x0000002285f00000,0x0000002286000000) (1024K)]
  0x00000173fc7641e0 JavaThread "pool-37-thread-1"                  [_thread_blocked, id=21392, stack(0x0000002286c00000,0x0000002286d00000) (1024K)]
  0x00000173fc769dc0 JavaThread "Exec process Thread 2"             [_thread_blocked, id=12748, stack(0x0000002286e00000,0x0000002286f00000) (1024K)]
  0x00000173fc7627a0 JavaThread "Exec process"                      [_thread_in_native, id=22764, stack(0x0000002281600000,0x0000002281700000) (1024K)]
  0x00000173fc7662b0 JavaThread "Connection worker"                 [_thread_blocked, id=19324, stack(0x0000002283200000,0x0000002283300000) (1024K)]
  0x00000173fcfb0950 JavaThread "Worker-39: Validating Gradle wrapper checksum..."        [_thread_blocked, id=6320, stack(0x0000002286200000,0x0000002286300000) (1024K)]
  0x00000173f9656900 JavaThread "Timer-37"                          [_thread_blocked, id=23524, stack(0x0000002287100000,0x0000002287200000) (1024K)]
  0x00000173fd6b9390 JavaThread "Exec process Thread 2"             [_thread_blocked, id=148, stack(0x0000002287d00000,0x0000002287e00000) (1024K)]
  0x00000173fc70e970 JavaThread "Exec process"                      [_thread_in_native, id=20352, stack(0x0000002287e00000,0x0000002287f00000) (1024K)]
  0x00000173fc70f000 JavaThread "pool-38-thread-1"                  [_thread_blocked, id=6804, stack(0x0000002287c00000,0x0000002287d00000) (1024K)]
  0x00000173fd6b51f0 JavaThread "Exec process Thread 2"             [_thread_blocked, id=21608, stack(0x0000002288000000,0x0000002288100000) (1024K)]
  0x00000173f9653b10 JavaThread "Worker-40"                         [_thread_blocked, id=21592, stack(0x0000002287b00000,0x0000002287c00000) (1024K)]
  0x00000173fcfb0fe0 JavaThread "Exec process"                      [_thread_blocked, id=14556, stack(0x0000002286f00000,0x0000002287000000) (1024K)]
Total: 199

Other Threads:
  0x00000173dc390cd0 VMThread "VM Thread"                           [id=14444, stack(0x00000022fae00000,0x00000022faf00000) (1024K)]
  0x00000173dc2cca00 WatcherThread "VM Periodic Task Thread"        [id=17620, stack(0x00000022fad00000,0x00000022fae00000) (1024K)]
  0x00000173dc459d20 WorkerThread "GC Thread#0"                     [id=17328, stack(0x00000022fac00000,0x00000022fad00000) (1024K)]
  0x00000173f92e3800 WorkerThread "GC Thread#1"                     [id=22204, stack(0x00000022fb900000,0x00000022fba00000) (1024K)]
  0x00000173f9156b40 WorkerThread "GC Thread#2"                     [id=12664, stack(0x00000022fba00000,0x00000022fbb00000) (1024K)]
  0x00000173f915a520 WorkerThread "GC Thread#3"                     [id=7964, stack(0x00000022fbb00000,0x00000022fbc00000) (1024K)]
  0x00000173f90c4a30 WorkerThread "GC Thread#4"                     [id=8300, stack(0x00000022fbc00000,0x00000022fbd00000) (1024K)]
  0x00000173f90d60f0 WorkerThread "GC Thread#5"                     [id=6424, stack(0x00000022fbd00000,0x00000022fbe00000) (1024K)]
  0x00000173f90d64a0 WorkerThread "GC Thread#6"                     [id=12656, stack(0x00000022fbe00000,0x00000022fbf00000) (1024K)]
  0x00000173f9356960 WorkerThread "GC Thread#7"                     [id=8872, stack(0x00000022fc000000,0x00000022fc100000) (1024K)]
Total: 10

Threads with active compile tasks:
C2 CompilerThread0  58168 11411   !   4       org.eclipse.jdt.internal.compiler.classfmt.ClassFileReader::<init> (1968 bytes)
Total: 1

VM state: not at safepoint (normal execution)

VM Mutex/Monitor currently owned by a thread:  ([mutex/lock_event])
[0x00007fff3436f6b0] Heap_lock - owner thread: 0x00000173fcfb0950

Heap address: 0x0000000080000000, size: 2048 MB, Compressed Oops mode: 32-bit

CDS archive(s) mapped at: [0x0000017380000000-0x0000017380ba0000-0x0000017380ba0000), size 12189696, SharedBaseAddress: 0x0000017380000000, ArchiveRelocationMode: 1.
Compressed class space mapped at: 0x0000017381000000-0x00000173c1000000, reserved size: 1073741824
Narrow klass base: 0x0000017380000000, Narrow klass shift: 0, Narrow klass range: 0x100000000

GC Precious Log:
 CardTable entry size: 512
 CPUs: 8 total, 8 available
 Memory: 7965M
 Large Page Support: Disabled
 NUMA Support: Disabled
 Compressed Oops: Enabled (32-bit)
 Alignments: Space 512K, Generation 512K, Heap 2M
 Heap Min Capacity: 100M
 Heap Initial Capacity: 100M
 Heap Max Capacity: 2G
 Pre-touch: Disabled
 Parallel Workers: 8

Heap:
 PSYoungGen      total 3072K, used 1278K [0x00000000d5580000, 0x00000000d5980000, 0x0000000100000000)
  eden space 2048K, 12% used [0x00000000d5580000,0x00000000d55c0c80,0x00000000d5780000)
  from space 1024K, 99% used [0x00000000d5880000,0x00000000d597ef38,0x00000000d5980000)
  to   space 1024K, 0% used [0x00000000d5780000,0x00000000d5780000,0x00000000d5880000)
 ParOldGen       total 246784K, used 177288K [0x0000000080000000, 0x000000008f100000, 0x00000000d5580000)
  object space 246784K, 71% used [0x0000000080000000,0x000000008ad22118,0x000000008f100000)
 Metaspace       used 62811K, committed 64320K, reserved 1114112K
  class space    used 7190K, committed 7872K, reserved 1048576K

Card table byte_map: [0x00000173dbde0000,0x00000173dc1f0000] _byte_map_base: 0x00000173db9e0000

Marking Bits: (ParMarkBitMap*) 0x00007fff343744a0
 Begin Bits: [0x00000173ee8f0000, 0x00000173f08f0000)
 End Bits:   [0x00000173f08f0000, 0x00000173f28f0000)

Polling page: 0x00000173da280000

Metaspace:

Usage:
  Non-class:     54.32 MB used.
      Class:      7.02 MB used.
       Both:     61.34 MB used.

Virtual space:
  Non-class space:       64.00 MB reserved,      55.12 MB ( 86%) committed,  1 nodes.
      Class space:        1.00 GB reserved,       7.69 MB ( <1%) committed,  1 nodes.
             Both:        1.06 GB reserved,      62.81 MB (  6%) committed. 

Chunk freelists:
   Non-Class:  8.63 MB
       Class:  8.17 MB
        Both:  16.80 MB

MaxMetaspaceSize: unlimited
CompressedClassSpaceSize: 1.00 GB
Initial GC threshold: 21.00 MB
Current GC threshold: 97.31 MB
CDS: on
 - commit_granule_bytes: 65536.
 - commit_granule_words: 8192.
 - virtual_space_node_default_size: 8388608.
 - enlarge_chunks_in_place: 1.
 - use_allocation_guard: 0.


Internal statistics:

num_allocs_failed_limit: 9.
num_arena_births: 1246.
num_arena_deaths: 44.
num_vsnodes_births: 2.
num_vsnodes_deaths: 0.
num_space_committed: 1005.
num_space_uncommitted: 0.
num_chunks_returned_to_freelist: 64.
num_chunks_taken_from_freelist: 4083.
num_chunk_merges: 21.
num_chunk_splits: 2535.
num_chunks_enlarged: 1510.
num_inconsistent_stats: 0.

CodeHeap 'non-profiled nmethods': size=120000Kb used=5591Kb max_used=5591Kb free=114408Kb
 bounds [0x00000173e7110000, 0x00000173e7690000, 0x00000173ee640000]
CodeHeap 'profiled nmethods': size=120000Kb used=21160Kb max_used=21160Kb free=98839Kb
 bounds [0x00000173df640000, 0x00000173e0af0000, 0x00000173e6b70000]
CodeHeap 'non-nmethods': size=5760Kb used=1404Kb max_used=1471Kb free=4355Kb
 bounds [0x00000173e6b70000, 0x00000173e6de0000, 0x00000173e7110000]
CodeCache: size=245760Kb, used=28155Kb, max_used=28222Kb, free=217602Kb
 total_blobs=11530, nmethods=10820, adapters=615, full_count=0
Compilation: enabled, stopped_count=0, restarted_count=0

Compilation events (20 events):
Event: 57.821 Thread 0x00000173dc3be450 11532       3       org.gradle.internal.buildoption.StringBuildOption::applyFromCommandLine (75 bytes)
Event: 57.822 Thread 0x00000173dc3be450 nmethod 11532 0x00000173e0adce90 code [0x00000173e0add120, 0x00000173e0adddc8]
Event: 57.822 Thread 0x00000173dc3be450 11533   !   2       java.util.concurrent.ThreadPoolExecutor::runWorker (187 bytes)
Event: 57.824 Thread 0x00000173dc3be450 nmethod 11533 0x00000173e0ade210 code [0x00000173e0ade480, 0x00000173e0adeb08]
Event: 57.824 Thread 0x00000173dc3be450 11535       3       org.gradle.internal.logging.console.AbstractUserInputRenderer::onOutput (127 bytes)
Event: 57.826 Thread 0x00000173dc3be450 nmethod 11535 0x00000173e0adf110 code [0x00000173e0adf500, 0x00000173e0ae1400]
Event: 57.827 Thread 0x00000173dc3be450 11534   !   2       org.gradle.internal.dispatch.ReflectionDispatch::dispatch (42 bytes)
Event: 57.828 Thread 0x00000173dc3be450 nmethod 11534 0x00000173e0ae1a10 code [0x00000173e0ae1c40, 0x00000173e0ae20b8]
Event: 57.856 Thread 0x00000173dc3be450 11537       2       java.lang.invoke.VarHandleGuards::guard_LLL_L (98 bytes)
Event: 57.859 Thread 0x00000173dc3be450 nmethod 11537 0x00000173e0ae2590 code [0x00000173e0ae2840, 0x00000173e0ae32d0]
Event: 57.859 Thread 0x00000173dc3be450 11538       2       java.lang.invoke.VarHandleReferences$FieldInstanceReadWrite::compareAndExchange (48 bytes)
Event: 57.860 Thread 0x00000173dc3be450 nmethod 11538 0x00000173e0ae3a10 code [0x00000173e0ae3c40, 0x00000173e0ae41a8]
Event: 57.862 Thread 0x00000173dc3be450 11539       3       java.util.concurrent.ScheduledThreadPoolExecutor$DelayedWorkQueue::add (9 bytes)
Event: 57.862 Thread 0x00000173dc3be450 nmethod 11539 0x00000173e0ae4490 code [0x00000173e0ae4660, 0x00000173e0ae4938]
Event: 57.878 Thread 0x00000173dc3be450 11541       3       java.util.concurrent.ThreadPoolExecutor::ensurePrestart (41 bytes)
Event: 57.878 Thread 0x00000173dc3be450 nmethod 11541 0x00000173e0ae4a10 code [0x00000173e0ae4be0, 0x00000173e0ae4e90]
Event: 57.922 Thread 0x00000173dc3be450 11542       3       java.util.concurrent.ScheduledThreadPoolExecutor$DelayedWorkQueue::take (5 bytes)
Event: 57.922 Thread 0x00000173dc3be450 nmethod 11542 0x00000173e0ae4f90 code [0x00000173e0ae5140, 0x00000173e0ae5298]
Event: 58.044 Thread 0x00000173dc3be450 11543   !   3       java.util.concurrent.locks.AbstractQueuedSynchronizer::reacquire (64 bytes)
Event: 58.044 Thread 0x00000173dc3be450 nmethod 11543 0x00000173e0ae5390 code [0x00000173e0ae5560, 0x00000173e0ae58d0]

GC Heap History (20 events):
Event: 57.360 GC heap before
{Heap before GC invocations=585 (full 3):
 PSYoungGen      total 3072K, used 3067K [0x00000000d5580000, 0x00000000d5b80000, 0x0000000100000000)
  eden space 2048K, 100% used [0x00000000d5580000,0x00000000d5780000,0x00000000d5780000)
  from space 1024K, 99% used [0x00000000d5780000,0x00000000d587ef38,0x00000000d5880000)
  to   space 2048K, 0% used [0x00000000d5980000,0x00000000d5980000,0x00000000d5b80000)
 ParOldGen       total 246784K, used 173594K [0x0000000080000000, 0x000000008f100000, 0x00000000d5580000)
  object space 246784K, 70% used [0x0000000080000000,0x000000008a986a20,0x000000008f100000)
 Metaspace       used 62753K, committed 64256K, reserved 1114112K
  class space    used 7187K, committed 7872K, reserved 1048576K
}
Event: 57.362 GC heap after
{Heap after GC invocations=585 (full 3):
 PSYoungGen      total 2560K, used 224K [0x00000000d5580000, 0x00000000d5a00000, 0x0000000100000000)
  eden space 2048K, 0% used [0x00000000d5580000,0x00000000d5580000,0x00000000d5780000)
  from space 512K, 43% used [0x00000000d5980000,0x00000000d59b8000,0x00000000d5a00000)
  to   space 1024K, 0% used [0x00000000d5800000,0x00000000d5800000,0x00000000d5900000)
 ParOldGen       total 246784K, used 173650K [0x0000000080000000, 0x000000008f100000, 0x00000000d5580000)
  object space 246784K, 70% used [0x0000000080000000,0x000000008a994a20,0x000000008f100000)
 Metaspace       used 62753K, committed 64256K, reserved 1114112K
  class space    used 7187K, committed 7872K, reserved 1048576K
}
Event: 57.386 GC heap before
{Heap before GC invocations=586 (full 3):
 PSYoungGen      total 2560K, used 2272K [0x00000000d5580000, 0x00000000d5a00000, 0x0000000100000000)
  eden space 2048K, 100% used [0x00000000d5580000,0x00000000d5780000,0x00000000d5780000)
  from space 512K, 43% used [0x00000000d5980000,0x00000000d59b8000,0x00000000d5a00000)
  to   space 1024K, 0% used [0x00000000d5800000,0x00000000d5800000,0x00000000d5900000)
 ParOldGen       total 246784K, used 173650K [0x0000000080000000, 0x000000008f100000, 0x00000000d5580000)
  object space 246784K, 70% used [0x0000000080000000,0x000000008a994a20,0x000000008f100000)
 Metaspace       used 62758K, committed 64256K, reserved 1114112K
  class space    used 7187K, committed 7872K, reserved 1048576K
}
Event: 57.389 GC heap after
{Heap after GC invocations=586 (full 3):
 PSYoungGen      total 3072K, used 861K [0x00000000d5580000, 0x00000000d5a00000, 0x0000000100000000)
  eden space 2048K, 0% used [0x00000000d5580000,0x00000000d5580000,0x00000000d5780000)
  from space 1024K, 84% used [0x00000000d5800000,0x00000000d58d7698,0x00000000d5900000)
  to   space 1024K, 0% used [0x00000000d5900000,0x00000000d5900000,0x00000000d5a00000)
 ParOldGen       total 246784K, used 173730K [0x0000000080000000, 0x000000008f100000, 0x00000000d5580000)
  object space 246784K, 70% used [0x0000000080000000,0x000000008a9a8a20,0x000000008f100000)
 Metaspace       used 62758K, committed 64256K, reserved 1114112K
  class space    used 7187K, committed 7872K, reserved 1048576K
}
Event: 57.406 GC heap before
{Heap before GC invocations=587 (full 3):
 PSYoungGen      total 3072K, used 2909K [0x00000000d5580000, 0x00000000d5a00000, 0x0000000100000000)
  eden space 2048K, 100% used [0x00000000d5580000,0x00000000d5780000,0x00000000d5780000)
  from space 1024K, 84% used [0x00000000d5800000,0x00000000d58d7698,0x00000000d5900000)
  to   space 1024K, 0% used [0x00000000d5900000,0x00000000d5900000,0x00000000d5a00000)
 ParOldGen       total 246784K, used 173730K [0x0000000080000000, 0x000000008f100000, 0x00000000d5580000)
  object space 246784K, 70% used [0x0000000080000000,0x000000008a9a8a20,0x000000008f100000)
 Metaspace       used 62764K, committed 64256K, reserved 1114112K
  class space    used 7187K, committed 7872K, reserved 1048576K
}
Event: 57.408 GC heap after
{Heap after GC invocations=587 (full 3):
 PSYoungGen      total 2560K, used 256K [0x00000000d5580000, 0x00000000d5980000, 0x0000000100000000)
  eden space 2048K, 0% used [0x00000000d5580000,0x00000000d5580000,0x00000000d5780000)
  from space 512K, 50% used [0x00000000d5900000,0x00000000d5940000,0x00000000d5980000)
  to   space 512K, 0% used [0x00000000d5880000,0x00000000d5880000,0x00000000d5900000)
 ParOldGen       total 246784K, used 173906K [0x0000000080000000, 0x000000008f100000, 0x00000000d5580000)
  object space 246784K, 70% used [0x0000000080000000,0x000000008a9d4a30,0x000000008f100000)
 Metaspace       used 62764K, committed 64256K, reserved 1114112K
  class space    used 7187K, committed 7872K, reserved 1048576K
}
Event: 57.423 GC heap before
{Heap before GC invocations=588 (full 3):
 PSYoungGen      total 2560K, used 2303K [0x00000000d5580000, 0x00000000d5980000, 0x0000000100000000)
  eden space 2048K, 99% used [0x00000000d5580000,0x00000000d577ffa8,0x00000000d5780000)
  from space 512K, 50% used [0x00000000d5900000,0x00000000d5940000,0x00000000d5980000)
  to   space 512K, 0% used [0x00000000d5880000,0x00000000d5880000,0x00000000d5900000)
 ParOldGen       total 246784K, used 173906K [0x0000000080000000, 0x000000008f100000, 0x00000000d5580000)
  object space 246784K, 70% used [0x0000000080000000,0x000000008a9d4a30,0x000000008f100000)
 Metaspace       used 62764K, committed 64256K, reserved 1114112K
  class space    used 7187K, committed 7872K, reserved 1048576K
}
Event: 57.426 GC heap after
{Heap after GC invocations=588 (full 3):
 PSYoungGen      total 2560K, used 288K [0x00000000d5580000, 0x00000000d5980000, 0x0000000100000000)
  eden space 2048K, 0% used [0x00000000d5580000,0x00000000d5580000,0x00000000d5780000)
  from space 512K, 56% used [0x00000000d5880000,0x00000000d58c8020,0x00000000d5900000)
  to   space 512K, 0% used [0x00000000d5900000,0x00000000d5900000,0x00000000d5980000)
 ParOldGen       total 246784K, used 174026K [0x0000000080000000, 0x000000008f100000, 0x00000000d5580000)
  object space 246784K, 70% used [0x0000000080000000,0x000000008a9f2a40,0x000000008f100000)
 Metaspace       used 62764K, committed 64256K, reserved 1114112K
  class space    used 7187K, committed 7872K, reserved 1048576K
}
Event: 57.478 GC heap before
{Heap before GC invocations=589 (full 3):
 PSYoungGen      total 2560K, used 2336K [0x00000000d5580000, 0x00000000d5980000, 0x0000000100000000)
  eden space 2048K, 100% used [0x00000000d5580000,0x00000000d5780000,0x00000000d5780000)
  from space 512K, 56% used [0x00000000d5880000,0x00000000d58c8020,0x00000000d5900000)
  to   space 512K, 0% used [0x00000000d5900000,0x00000000d5900000,0x00000000d5980000)
 ParOldGen       total 246784K, used 174026K [0x0000000080000000, 0x000000008f100000, 0x00000000d5580000)
  object space 246784K, 70% used [0x0000000080000000,0x000000008a9f2a40,0x000000008f100000)
 Metaspace       used 62766K, committed 64256K, reserved 1114112K
  class space    used 7187K, committed 7872K, reserved 1048576K
}
Event: 57.482 GC heap after
{Heap after GC invocations=589 (full 3):
 PSYoungGen      total 2560K, used 495K [0x00000000d5580000, 0x00000000d5980000, 0x0000000100000000)
  eden space 2048K, 0% used [0x00000000d5580000,0x00000000d5580000,0x00000000d5780000)
  from space 512K, 96% used [0x00000000d5900000,0x00000000d597bf20,0x00000000d5980000)
  to   space 1024K, 0% used [0x00000000d5780000,0x00000000d5780000,0x00000000d5880000)
 ParOldGen       total 246784K, used 174282K [0x0000000080000000, 0x000000008f100000, 0x00000000d5580000)
  object space 246784K, 70% used [0x0000000080000000,0x000000008aa32a60,0x000000008f100000)
 Metaspace       used 62766K, committed 64256K, reserved 1114112K
  class space    used 7187K, committed 7872K, reserved 1048576K
}
Event: 57.556 GC heap before
{Heap before GC invocations=590 (full 3):
 PSYoungGen      total 2560K, used 2543K [0x00000000d5580000, 0x00000000d5980000, 0x0000000100000000)
  eden space 2048K, 99% used [0x00000000d5580000,0x00000000d577ffb0,0x00000000d5780000)
  from space 512K, 96% used [0x00000000d5900000,0x00000000d597bf20,0x00000000d5980000)
  to   space 1024K, 0% used [0x00000000d5780000,0x00000000d5780000,0x00000000d5880000)
 ParOldGen       total 246784K, used 174282K [0x0000000080000000, 0x000000008f100000, 0x00000000d5580000)
  object space 246784K, 70% used [0x0000000080000000,0x000000008aa32a60,0x000000008f100000)
 Metaspace       used 62782K, committed 64320K, reserved 1114112K
  class space    used 7188K, committed 7872K, reserved 1048576K
}
Event: 57.560 GC heap after
{Heap after GC invocations=590 (full 3):
 PSYoungGen      total 3072K, used 960K [0x00000000d5580000, 0x00000000d5980000, 0x0000000100000000)
  eden space 2048K, 0% used [0x00000000d5580000,0x00000000d5580000,0x00000000d5780000)
  from space 1024K, 93% used [0x00000000d5780000,0x00000000d5870000,0x00000000d5880000)
  to   space 1024K, 0% used [0x00000000d5880000,0x00000000d5880000,0x00000000d5980000)
 ParOldGen       total 246784K, used 174754K [0x0000000080000000, 0x000000008f100000, 0x00000000d5580000)
  object space 246784K, 70% used [0x0000000080000000,0x000000008aaa8980,0x000000008f100000)
 Metaspace       used 62782K, committed 64320K, reserved 1114112K
  class space    used 7188K, committed 7872K, reserved 1048576K
}
Event: 57.741 GC heap before
{Heap before GC invocations=591 (full 3):
 PSYoungGen      total 3072K, used 3007K [0x00000000d5580000, 0x00000000d5980000, 0x0000000100000000)
  eden space 2048K, 99% used [0x00000000d5580000,0x00000000d577ffc0,0x00000000d5780000)
  from space 1024K, 93% used [0x00000000d5780000,0x00000000d5870000,0x00000000d5880000)
  to   space 1024K, 0% used [0x00000000d5880000,0x00000000d5880000,0x00000000d5980000)
 ParOldGen       total 246784K, used 174754K [0x0000000080000000, 0x000000008f100000, 0x00000000d5580000)
  object space 246784K, 70% used [0x0000000080000000,0x000000008aaa8980,0x000000008f100000)
 Metaspace       used 62792K, committed 64320K, reserved 1114112K
  class space    used 7188K, committed 7872K, reserved 1048576K
}
Event: 57.743 GC heap after
{Heap after GC invocations=591 (full 3):
 PSYoungGen      total 3072K, used 480K [0x00000000d5580000, 0x00000000d5980000, 0x0000000100000000)
  eden space 2048K, 0% used [0x00000000d5580000,0x00000000d5580000,0x00000000d5780000)
  from space 1024K, 46% used [0x00000000d5880000,0x00000000d58f8000,0x00000000d5980000)
  to   space 1024K, 0% used [0x00000000d5780000,0x00000000d5780000,0x00000000d5880000)
 ParOldGen       total 246784K, used 175650K [0x0000000080000000, 0x000000008f100000, 0x00000000d5580000)
  object space 246784K, 71% used [0x0000000080000000,0x000000008ab88980,0x000000008f100000)
 Metaspace       used 62792K, committed 64320K, reserved 1114112K
  class space    used 7188K, committed 7872K, reserved 1048576K
}
Event: 57.770 GC heap before
{Heap before GC invocations=592 (full 3):
 PSYoungGen      total 3072K, used 2527K [0x00000000d5580000, 0x00000000d5980000, 0x0000000100000000)
  eden space 2048K, 99% used [0x00000000d5580000,0x00000000d577fff8,0x00000000d5780000)
  from space 1024K, 46% used [0x00000000d5880000,0x00000000d58f8000,0x00000000d5980000)
  to   space 1024K, 0% used [0x00000000d5780000,0x00000000d5780000,0x00000000d5880000)
 ParOldGen       total 246784K, used 175650K [0x0000000080000000, 0x000000008f100000, 0x00000000d5580000)
  object space 246784K, 71% used [0x0000000080000000,0x000000008ab88980,0x000000008f100000)
 Metaspace       used 62792K, committed 64320K, reserved 1114112K
  class space    used 7188K, committed 7872K, reserved 1048576K
}
Event: 57.772 GC heap after
{Heap after GC invocations=592 (full 3):
 PSYoungGen      total 3072K, used 512K [0x00000000d5580000, 0x00000000d5980000, 0x0000000100000000)
  eden space 2048K, 0% used [0x00000000d5580000,0x00000000d5580000,0x00000000d5780000)
  from space 1024K, 50% used [0x00000000d5780000,0x00000000d5800000,0x00000000d5880000)
  to   space 1024K, 0% used [0x00000000d5880000,0x00000000d5880000,0x00000000d5980000)
 ParOldGen       total 246784K, used 176026K [0x0000000080000000, 0x000000008f100000, 0x00000000d5580000)
  object space 246784K, 71% used [0x0000000080000000,0x000000008abe6990,0x000000008f100000)
 Metaspace       used 62792K, committed 64320K, reserved 1114112K
  class space    used 7188K, committed 7872K, reserved 1048576K
}
Event: 57.815 GC heap before
{Heap before GC invocations=593 (full 3):
 PSYoungGen      total 3072K, used 2560K [0x00000000d5580000, 0x00000000d5980000, 0x0000000100000000)
  eden space 2048K, 100% used [0x00000000d5580000,0x00000000d5780000,0x00000000d5780000)
  from space 1024K, 50% used [0x00000000d5780000,0x00000000d5800000,0x00000000d5880000)
  to   space 1024K, 0% used [0x00000000d5880000,0x00000000d5880000,0x00000000d5980000)
 ParOldGen       total 246784K, used 176026K [0x0000000080000000, 0x000000008f100000, 0x00000000d5580000)
  object space 246784K, 71% used [0x0000000080000000,0x000000008abe6990,0x000000008f100000)
 Metaspace       used 62795K, committed 64320K, reserved 1114112K
  class space    used 7188K, committed 7872K, reserved 1048576K
}
Event: 57.819 GC heap after
{Heap after GC invocations=593 (full 3):
 PSYoungGen      total 3072K, used 800K [0x00000000d5580000, 0x00000000d5980000, 0x0000000100000000)
  eden space 2048K, 0% used [0x00000000d5580000,0x00000000d5580000,0x00000000d5780000)
  from space 1024K, 78% used [0x00000000d5880000,0x00000000d5948000,0x00000000d5980000)
  to   space 1024K, 0% used [0x00000000d5780000,0x00000000d5780000,0x00000000d5880000)
 ParOldGen       total 246784K, used 176382K [0x0000000080000000, 0x000000008f100000, 0x00000000d5580000)
  object space 246784K, 71% used [0x0000000080000000,0x000000008ac3f9c0,0x000000008f100000)
 Metaspace       used 62795K, committed 64320K, reserved 1114112K
  class space    used 7188K, committed 7872K, reserved 1048576K
}
Event: 58.011 GC heap before
{Heap before GC invocations=594 (full 3):
 PSYoungGen      total 3072K, used 2836K [0x00000000d5580000, 0x00000000d5980000, 0x0000000100000000)
  eden space 2048K, 99% used [0x00000000d5580000,0x00000000d577d0b0,0x00000000d5780000)
  from space 1024K, 78% used [0x00000000d5880000,0x00000000d5948000,0x00000000d5980000)
  to   space 1024K, 0% used [0x00000000d5780000,0x00000000d5780000,0x00000000d5880000)
 ParOldGen       total 246784K, used 176382K [0x0000000080000000, 0x000000008f100000, 0x00000000d5580000)
  object space 246784K, 71% used [0x0000000080000000,0x000000008ac3f9c0,0x000000008f100000)
 Metaspace       used 62801K, committed 64320K, reserved 1114112K
  class space    used 7188K, committed 7872K, reserved 1048576K
}
Event: 58.014 GC heap after
{Heap after GC invocations=594 (full 3):
 PSYoungGen      total 3072K, used 832K [0x00000000d5580000, 0x00000000d5980000, 0x0000000100000000)
  eden space 2048K, 0% used [0x00000000d5580000,0x00000000d5580000,0x00000000d5780000)
  from space 1024K, 81% used [0x00000000d5780000,0x00000000d5850210,0x00000000d5880000)
  to   space 1024K, 0% used [0x00000000d5880000,0x00000000d5880000,0x00000000d5980000)
 ParOldGen       total 246784K, used 177080K [0x0000000080000000, 0x000000008f100000, 0x00000000d5580000)
  object space 246784K, 71% used [0x0000000080000000,0x000000008acee0e8,0x000000008f100000)
 Metaspace       used 62801K, committed 64320K, reserved 1114112K
  class space    used 7188K, committed 7872K, reserved 1048576K
}

Dll operation events (20 events):
Event: 0.559 Attempting to load shared library C:\Users\Lenovo\.vscode\extensions\redhat.java-1.56.0-win32-x64\jre\21.0.12.1-win32-x86_64\bin\zip.dll
Event: 0.559 Loaded shared library C:\Users\Lenovo\.vscode\extensions\redhat.java-1.56.0-win32-x64\jre\21.0.12.1-win32-x86_64\bin\zip.dll
Event: 0.649 Attempting to load shared library C:\Users\Lenovo\.vscode\extensions\redhat.java-1.56.0-win32-x64\jre\21.0.12.1-win32-x86_64\bin\jimage.dll
Event: 0.649 Loaded shared library C:\Users\Lenovo\.vscode\extensions\redhat.java-1.56.0-win32-x64\jre\21.0.12.1-win32-x86_64\bin\jimage.dll
Event: 1.045 Attempting to load shared library c:\Users\Lenovo\.vscode\extensions\redhat.java-1.56.0-win32-x64\jre\21.0.12.1-win32-x86_64\bin\verify.dll
Event: 1.046 Loaded shared library c:\Users\Lenovo\.vscode\extensions\redhat.java-1.56.0-win32-x64\jre\21.0.12.1-win32-x86_64\bin\verify.dll
Event: 5.508 Attempting to load shared library C:\Users\Lenovo\AppData\Roaming\Code\User\globalStorage\redhat.java\1.56.0\config_win\org.eclipse.equinox.launcher\org.eclipse.equinox.launcher.win32.win32.x86_64_1.3.100.v20260804-1928\eclipse_11924.dll
Event: 5.511 Loaded shared library C:\Users\Lenovo\AppData\Roaming\Code\User\globalStorage\redhat.java\1.56.0\config_win\org.eclipse.equinox.launcher\org.eclipse.equinox.launcher.win32.win32.x86_64_1.3.100.v20260804-1928\eclipse_11924.dll
Event: 10.861 Attempting to load shared library C:\Users\Lenovo\AppData\Local\Temp\jna--2022488749\jna4718600346666662439.dll
Event: 11.135 Loaded shared library C:\Users\Lenovo\AppData\Local\Temp\jna--2022488749\jna4718600346666662439.dll
Event: 30.474 Attempting to load shared library C:\Users\Lenovo\.gradle\native\660c5614fbf4a5f2a75b1949f50a0caf5cd603558e7d8a26e50b933a0cfb79d1\windows-amd64\native-platform.dll
Event: 30.476 Loaded shared library C:\Users\Lenovo\.gradle\native\660c5614fbf4a5f2a75b1949f50a0caf5cd603558e7d8a26e50b933a0cfb79d1\windows-amd64\native-platform.dll
Event: 33.952 Attempting to load shared library C:\Users\Lenovo\.vscode\extensions\redhat.java-1.56.0-win32-x64\jre\21.0.12.1-win32-x86_64\bin\management.dll
Event: 33.953 Loaded shared library C:\Users\Lenovo\.vscode\extensions\redhat.java-1.56.0-win32-x64\jre\21.0.12.1-win32-x86_64\bin\management.dll
Event: 33.961 Attempting to load shared library C:\Users\Lenovo\.vscode\extensions\redhat.java-1.56.0-win32-x64\jre\21.0.12.1-win32-x86_64\bin\management_ext.dll
Event: 33.961 Loaded shared library C:\Users\Lenovo\.vscode\extensions\redhat.java-1.56.0-win32-x64\jre\21.0.12.1-win32-x86_64\bin\management_ext.dll
Event: 49.812 Attempting to load shared library C:\Users\Lenovo\.vscode\extensions\redhat.java-1.56.0-win32-x64\jre\21.0.12.1-win32-x86_64\bin\extnet.dll
Event: 49.821 Loaded shared library C:\Users\Lenovo\.vscode\extensions\redhat.java-1.56.0-win32-x64\jre\21.0.12.1-win32-x86_64\bin\extnet.dll
Event: 50.887 Attempting to load shared library C:\Users\Lenovo\.vscode\extensions\redhat.java-1.56.0-win32-x64\jre\21.0.12.1-win32-x86_64\bin\sunmscapi.dll
Event: 50.894 Loaded shared library C:\Users\Lenovo\.vscode\extensions\redhat.java-1.56.0-win32-x64\jre\21.0.12.1-win32-x86_64\bin\sunmscapi.dll

Deoptimization events (20 events):
Event: 56.932 Thread 0x00000173fc7662b0 DEOPT PACKING pc=0x00000173e7452c84 sp=0x0000002285ffec40
Event: 56.932 Thread 0x00000173fc7662b0 DEOPT UNPACKING pc=0x00000173e6bc3aa2 sp=0x0000002285ffebd0 mode 2
Event: 56.932 Thread 0x00000173fc7662b0 Uncommon trap: trap_request=0xffffffc6 fr.pc=0x00000173e7633438 relative=0x00000000000002d8
Event: 56.932 Thread 0x00000173fc7662b0 Uncommon trap: reason=bimorphic_or_optimized_type_check action=maybe_recompile pc=0x00000173e7633438 method=java.util.regex.Pattern$BmpCharProperty.match(Ljava/util/regex/Matcher;ILjava/lang/CharSequence;)Z @ 14 c2
Event: 56.932 Thread 0x00000173fc7662b0 DEOPT PACKING pc=0x00000173e7633438 sp=0x0000002285ffec50
Event: 56.932 Thread 0x00000173fc7662b0 DEOPT UNPACKING pc=0x00000173e6bc3aa2 sp=0x0000002285ffebe0 mode 2
Event: 56.932 Thread 0x00000173fc7662b0 Uncommon trap: trap_request=0xffffffc6 fr.pc=0x00000173e75af868 relative=0x0000000000000128
Event: 56.932 Thread 0x00000173fc7662b0 Uncommon trap: reason=bimorphic_or_optimized_type_check action=maybe_recompile pc=0x00000173e75af868 method=java.util.regex.Pattern.lambda$union$3(Ljava/util/regex/Pattern$CharPredicate;Ljava/util/regex/Pattern$CharPredicate;I)Z @ 12 c2
Event: 56.932 Thread 0x00000173fc7662b0 DEOPT PACKING pc=0x00000173e75af868 sp=0x0000002285ffebb0
Event: 56.932 Thread 0x00000173fc7662b0 DEOPT UNPACKING pc=0x00000173e6bc3aa2 sp=0x0000002285ffeac8 mode 2
Event: 56.941 Thread 0x00000173fcfadb60 DEOPT PACKING pc=0x00000173e005625e sp=0x00000022868fd880
Event: 56.941 Thread 0x00000173fcfadb60 DEOPT UNPACKING pc=0x00000173e6bc4242 sp=0x00000022868fcd88 mode 0
Event: 57.040 Thread 0x00000173f980d610 Uncommon trap: trap_request=0xffffff45 fr.pc=0x00000173e7600a08 relative=0x0000000000001b48
Event: 57.040 Thread 0x00000173f99070f0 Uncommon trap: trap_request=0xffffff45 fr.pc=0x00000173e7600a08 relative=0x0000000000001b48
Event: 57.040 Thread 0x00000173f980d610 Uncommon trap: reason=unstable_if action=reinterpret pc=0x00000173e7600a08 method=org.eclipse.core.runtime.Path.<init>(Ljava/lang/String;Z)V @ 58 c2
Event: 57.040 Thread 0x00000173f99070f0 Uncommon trap: reason=unstable_if action=reinterpret pc=0x00000173e7600a08 method=org.eclipse.core.runtime.Path.<init>(Ljava/lang/String;Z)V @ 58 c2
Event: 57.041 Thread 0x00000173f99070f0 DEOPT PACKING pc=0x00000173e7600a08 sp=0x00000022fd0feb90
Event: 57.041 Thread 0x00000173f980d610 DEOPT PACKING pc=0x00000173e7600a08 sp=0x00000022fe6feee0
Event: 57.041 Thread 0x00000173f980d610 DEOPT UNPACKING pc=0x00000173e6bc3aa2 sp=0x00000022fe6feeb0 mode 2
Event: 57.041 Thread 0x00000173f99070f0 DEOPT UNPACKING pc=0x00000173e6bc3aa2 sp=0x00000022fd0feb60 mode 2

Classes loaded (20 events):
Event: 55.063 Loading class java/util/Scanner
Event: 55.065 Loading class java/util/Scanner done
Event: 55.070 Loading class java/util/Scanner$PatternLRUCache
Event: 55.071 Loading class java/util/Scanner$PatternLRUCache done
Event: 56.780 Loading class java/util/regex/Matcher$ImmutableMatchResult
Event: 56.780 Loading class java/util/regex/Matcher$ImmutableMatchResult done
Event: 56.987 Loading class java/util/concurrent/ConcurrentLinkedQueue$Itr
Event: 56.987 Loading class java/util/concurrent/ConcurrentLinkedQueue$Itr done
Event: 56.992 Loading class java/util/AbstractList$RandomAccessSubList
Event: 56.992 Loading class java/util/AbstractList$SubList
Event: 56.993 Loading class java/util/AbstractList$SubList done
Event: 56.993 Loading class java/util/AbstractList$RandomAccessSubList done
Event: 56.993 Loading class java/util/AbstractList$SubList$1
Event: 56.993 Loading class java/util/AbstractList$SubList$1 done
Event: 56.994 Loading class java/util/LinkedList$LLSpliterator
Event: 56.994 Loading class java/util/LinkedList$LLSpliterator done
Event: 57.493 Loading class sun/nio/ch/ChannelOutputStream
Event: 57.494 Loading class sun/nio/ch/ChannelOutputStream done
Event: 57.495 Loading class sun/nio/fs/WindowsFileCopy
Event: 57.495 Loading class sun/nio/fs/WindowsFileCopy done

Classes unloaded (20 events):
Event: 12.740 Thread 0x00000173dc390cd0 Unloading class 0x00000173811a4000 'java/lang/invoke/LambdaForm$MH+0x00000173811a4000'
Event: 12.740 Thread 0x00000173dc390cd0 Unloading class 0x00000173811a3c00 'java/lang/invoke/LambdaForm$MH+0x00000173811a3c00'
Event: 12.740 Thread 0x00000173dc390cd0 Unloading class 0x00000173811a3800 'java/lang/invoke/LambdaForm$BMH+0x00000173811a3800'
Event: 12.740 Thread 0x00000173dc390cd0 Unloading class 0x00000173811a3400 'java/lang/invoke/LambdaForm$DMH+0x00000173811a3400'
Event: 12.740 Thread 0x00000173dc390cd0 Unloading class 0x00000173811a2000 'java/lang/invoke/LambdaForm$DMH+0x00000173811a2000'
Event: 49.046 Thread 0x00000173dc390cd0 Unloading class 0x000001738171e000 'java/lang/invoke/LambdaForm$MH+0x000001738171e000'
Event: 49.046 Thread 0x00000173dc390cd0 Unloading class 0x000001738171dc00 'java/lang/invoke/LambdaForm$MH+0x000001738171dc00'
Event: 49.046 Thread 0x00000173dc390cd0 Unloading class 0x000001738171d800 'java/lang/invoke/LambdaForm$MH+0x000001738171d800'
Event: 49.046 Thread 0x00000173dc390cd0 Unloading class 0x000001738171cc00 'java/lang/invoke/LambdaForm$MH+0x000001738171cc00'
Event: 49.046 Thread 0x00000173dc390cd0 Unloading class 0x000001738171c400 'java/lang/invoke/LambdaForm$DMH+0x000001738171c400'
Event: 49.046 Thread 0x00000173dc390cd0 Unloading class 0x000001738171c000 'java/lang/invoke/LambdaForm$DMH+0x000001738171c000'
Event: 49.046 Thread 0x00000173dc390cd0 Unloading class 0x000001738171b000 'java/lang/invoke/LambdaForm$MH+0x000001738171b000'
Event: 49.046 Thread 0x00000173dc390cd0 Unloading class 0x000001738171a800 'java/lang/invoke/LambdaForm$MH+0x000001738171a800'
Event: 49.046 Thread 0x00000173dc390cd0 Unloading class 0x000001738171a000 'java/lang/invoke/LambdaForm$MH+0x000001738171a000'
Event: 49.046 Thread 0x00000173dc390cd0 Unloading class 0x0000017381719800 'java/lang/invoke/LambdaForm$MH+0x0000017381719800'
Event: 49.046 Thread 0x00000173dc390cd0 Unloading class 0x0000017381719000 'java/lang/invoke/LambdaForm$DMH+0x0000017381719000'
Event: 49.046 Thread 0x00000173dc390cd0 Unloading class 0x0000017381718800 'java/lang/invoke/LambdaForm$MH+0x0000017381718800'
Event: 49.046 Thread 0x00000173dc390cd0 Unloading class 0x0000017381718000 'java/lang/invoke/LambdaForm$MH+0x0000017381718000'
Event: 49.046 Thread 0x00000173dc390cd0 Unloading class 0x0000017381715800 'java/lang/invoke/LambdaForm$MH+0x0000017381715800'
Event: 49.046 Thread 0x00000173dc390cd0 Unloading class 0x0000017381715000 'java/lang/invoke/LambdaForm$MH+0x0000017381715000'

Classes redefined (0 events):
No events

Internal exceptions (20 events):
Event: 55.589 Thread 0x00000173fc9566f0 Exception <a 'sun/nio/fs/WindowsException'{0x00000000d56214e8}> (0x00000000d56214e8) 
thrown [s\src\hotspot\share\prims\jni.cpp, line 520]
Event: 56.127 Thread 0x00000173fc7690a0 Exception <a 'sun/nio/fs/WindowsException'{0x00000000d56fe128}> (0x00000000d56fe128) 
thrown [s\src\hotspot\share\prims\jni.cpp, line 520]
Event: 56.127 Thread 0x00000173fc7690a0 Exception <a 'sun/nio/fs/WindowsException'{0x00000000d56fe7a8}> (0x00000000d56fe7a8) 
thrown [s\src\hotspot\share\prims\jni.cpp, line 520]
Event: 56.128 Thread 0x00000173fc7690a0 Exception <a 'sun/nio/fs/WindowsException'{0x00000000d5714ce0}> (0x00000000d5714ce0) 
thrown [s\src\hotspot\share\prims\jni.cpp, line 520]
Event: 56.128 Thread 0x00000173fc7690a0 Exception <a 'sun/nio/fs/WindowsException'{0x00000000d5715340}> (0x00000000d5715340) 
thrown [s\src\hotspot\share\prims\jni.cpp, line 520]
Event: 56.129 Thread 0x00000173fc7690a0 Exception <a 'sun/nio/fs/WindowsException'{0x00000000d57203d8}> (0x00000000d57203d8) 
thrown [s\src\hotspot\share\prims\jni.cpp, line 520]
Event: 56.129 Thread 0x00000173fc7690a0 Exception <a 'sun/nio/fs/WindowsException'{0x00000000d5731408}> (0x00000000d5731408) 
thrown [s\src\hotspot\share\prims\jni.cpp, line 520]
Event: 56.799 Thread 0x00000173fcfab400 Exception <a 'sun/nio/fs/WindowsException'{0x00000000d55d5620}> (0x00000000d55d5620) 
thrown [s\src\hotspot\share\prims\jni.cpp, line 520]
Event: 56.800 Thread 0x00000173fcfab400 Exception <a 'sun/nio/fs/WindowsException'{0x00000000d55d69a8}> (0x00000000d55d69a8) 
thrown [s\src\hotspot\share\prims\jni.cpp, line 520]
Event: 56.810 Thread 0x00000173fcfab400 Exception <a 'sun/nio/fs/WindowsException'{0x00000000d55ae5c0}> (0x00000000d55ae5c0) 
thrown [s\src\hotspot\share\prims\jni.cpp, line 520]
Event: 56.815 Thread 0x00000173fcfab400 Exception <a 'sun/nio/fs/WindowsException'{0x00000000d55876f0}> (0x00000000d55876f0) 
thrown [s\src\hotspot\share\prims\jni.cpp, line 520]
Event: 56.816 Thread 0x00000173fcfab400 Exception <a 'sun/nio/fs/WindowsException'{0x00000000d558e800}> (0x00000000d558e800) 
thrown [s\src\hotspot\share\prims\jni.cpp, line 520]
Event: 56.816 Thread 0x00000173fcfab400 Exception <a 'sun/nio/fs/WindowsException'{0x00000000d55956a8}> (0x00000000d55956a8) 
thrown [s\src\hotspot\share\prims\jni.cpp, line 520]
Event: 57.099 Thread 0x00000173fd6b5880 Exception <a 'sun/nio/fs/WindowsException'{0x00000000d55c2380}> (0x00000000d55c2380) 
thrown [s\src\hotspot\share\prims\jni.cpp, line 520]
Event: 57.398 Thread 0x00000173fcfadb60 Exception <a 'sun/nio/fs/WindowsException'{0x00000000d56ff5c8}> (0x00000000d56ff5c8) 
thrown [s\src\hotspot\share\prims\jni.cpp, line 520]
Event: 57.399 Thread 0x00000173fcfadb60 Exception <a 'sun/nio/fs/WindowsException'{0x00000000d56ffc48}> (0x00000000d56ffc48) 
thrown [s\src\hotspot\share\prims\jni.cpp, line 520]
Event: 57.402 Thread 0x00000173fcfadb60 Exception <a 'sun/nio/fs/WindowsException'{0x00000000d5735ec8}> (0x00000000d5735ec8) 
thrown [s\src\hotspot\share\prims\jni.cpp, line 520]
Event: 57.402 Thread 0x00000173fcfadb60 Exception <a 'sun/nio/fs/WindowsException'{0x00000000d5736528}> (0x00000000d5736528) 
thrown [s\src\hotspot\share\prims\jni.cpp, line 520]
Event: 57.405 Thread 0x00000173fcfadb60 Exception <a 'sun/nio/fs/WindowsException'{0x00000000d5745f98}> (0x00000000d5745f98) 
thrown [s\src\hotspot\share\prims\jni.cpp, line 520]
Event: 57.405 Thread 0x00000173fcfadb60 Exception <a 'sun/nio/fs/WindowsException'{0x00000000d576bf40}> (0x00000000d576bf40) 
thrown [s\src\hotspot\share\prims\jni.cpp, line 520]

ZGC Phase Switch (0 events):
No events

VM Operations (20 events):
Event: 57.360 Executing safepoint VM operation: ParallelGCFailedAllocation (Allocation Failure)
Event: 57.362 Executing safepoint VM operation: ParallelGCFailedAllocation (Allocation Failure) done
Event: 57.386 Executing safepoint VM operation: ParallelGCFailedAllocation (Allocation Failure)
Event: 57.389 Executing safepoint VM operation: ParallelGCFailedAllocation (Allocation Failure) done
Event: 57.406 Executing safepoint VM operation: ParallelGCFailedAllocation (Allocation Failure)
Event: 57.408 Executing safepoint VM operation: ParallelGCFailedAllocation (Allocation Failure) done
Event: 57.423 Executing safepoint VM operation: ParallelGCFailedAllocation (Allocation Failure)
Event: 57.426 Executing safepoint VM operation: ParallelGCFailedAllocation (Allocation Failure) done
Event: 57.478 Executing safepoint VM operation: ParallelGCFailedAllocation (Allocation Failure)
Event: 57.482 Executing safepoint VM operation: ParallelGCFailedAllocation (Allocation Failure) done
Event: 57.552 Executing safepoint VM operation: ParallelGCFailedAllocation (Allocation Failure)
Event: 57.560 Executing safepoint VM operation: ParallelGCFailedAllocation (Allocation Failure) done
Event: 57.645 Executing safepoint VM operation: ParallelGCFailedAllocation (Allocation Failure)
Event: 57.744 Executing safepoint VM operation: ParallelGCFailedAllocation (Allocation Failure) done
Event: 57.757 Executing safepoint VM operation: ParallelGCFailedAllocation (Allocation Failure)
Event: 57.772 Executing safepoint VM operation: ParallelGCFailedAllocation (Allocation Failure) done
Event: 57.793 Executing safepoint VM operation: ParallelGCFailedAllocation (Allocation Failure)
Event: 57.819 Executing safepoint VM operation: ParallelGCFailedAllocation (Allocation Failure) done
Event: 57.932 Executing safepoint VM operation: ParallelGCFailedAllocation (Allocation Failure)
Event: 58.014 Executing safepoint VM operation: ParallelGCFailedAllocation (Allocation Failure) done

Memory protections (0 events):
No events

Nmethod flushes (20 events):
Event: 49.086 Thread 0x00000173dc390cd0 flushing  nmethod 0x00000173dff2b390
Event: 49.086 Thread 0x00000173dc390cd0 flushing  nmethod 0x00000173dff2be90
Event: 49.086 Thread 0x00000173dc390cd0 flushing  nmethod 0x00000173dff2c410
Event: 49.086 Thread 0x00000173dc390cd0 flushing  nmethod 0x00000173dff2c810
Event: 49.086 Thread 0x00000173dc390cd0 flushing  nmethod 0x00000173dff2ce10
Event: 49.086 Thread 0x00000173dc390cd0 flushing  nmethod 0x00000173dff2d690
Event: 49.086 Thread 0x00000173dc390cd0 flushing  nmethod 0x00000173dff2da10
Event: 49.086 Thread 0x00000173dc390cd0 flushing  nmethod 0x00000173dff2df10
Event: 49.086 Thread 0x00000173dc390cd0 flushing  nmethod 0x00000173dff2fd10
Event: 49.086 Thread 0x00000173dc390cd0 flushing  nmethod 0x00000173dff30a90
Event: 49.086 Thread 0x00000173dc390cd0 flushing  nmethod 0x00000173dff3cf10
Event: 49.086 Thread 0x00000173dc390cd0 flushing  nmethod 0x00000173dff3fb10
Event: 49.086 Thread 0x00000173dc390cd0 flushing  nmethod 0x00000173dff3ff90
Event: 49.086 Thread 0x00000173dc390cd0 flushing  nmethod 0x00000173dff40590
Event: 49.086 Thread 0x00000173dc390cd0 flushing  nmethod 0x00000173dff4ae90
Event: 49.086 Thread 0x00000173dc390cd0 flushing  nmethod 0x00000173dff4e790
Event: 49.086 Thread 0x00000173dc390cd0 flushing  nmethod 0x00000173dff55090
Event: 49.086 Thread 0x00000173dc390cd0 flushing  nmethod 0x00000173dff79590
Event: 49.086 Thread 0x00000173dc390cd0 flushing  nmethod 0x00000173dff7c010
Event: 49.086 Thread 0x00000173dc390cd0 flushing  nmethod 0x00000173dff87810

Events (20 events):
Event: 57.257 Thread 0x00000173fc7662b0 Thread exited: 0x00000173fc7662b0
Event: 57.269 Thread 0x00000173fc7627a0 Thread exited: 0x00000173fc7627a0
Event: 57.274 Thread 0x00000173fd6b5f10 Thread added: 0x00000173fc7627a0
Event: 57.275 Thread 0x00000173fcfb0950 Thread exited: 0x00000173fcfb0950
Event: 57.519 Thread 0x00000173fcfadb60 Thread added: 0x00000173fc7662b0
Event: 57.611 Thread 0x00000173fc95b5b0 Thread added: 0x00000173fcfb0950
Event: 57.617 Thread 0x00000173fc95b5b0 Thread added: 0x00000173fcfb0fe0
Event: 57.641 Thread 0x00000173fc95b5b0 Thread added: 0x00000173f9656900
Event: 57.653 Thread 0x00000173fc95b5b0 Thread added: 0x00000173f9653b10
Event: 57.745 Thread 0x00000173fc7627a0 Thread added: 0x00000173fd6b51f0
Event: 57.745 Thread 0x00000173fc7627a0 Thread added: 0x00000173fd6b9390
Event: 57.751 Thread 0x00000173fc36ef90 Thread added: 0x00000173fc70e970
Event: 57.773 Thread 0x00000173fd6b51f0 Thread exited: 0x00000173fd6b51f0
Event: 57.774 Thread 0x00000173fc7662b0 Thread added: 0x00000173fc70f000
Event: 57.820 Thread 0x00000173fc70e970 Thread added: 0x00000173fc95c2d0
Event: 57.820 Thread 0x00000173fc70e970 Thread added: 0x00000173fd6b51f0
Event: 57.857 Thread 0x00000173f9653b10 Thread exited: 0x00000173f9653b10
Event: 57.921 Thread 0x00000173fcfb0950 Thread added: 0x00000173f9653b10
Event: 58.014 Thread 0x00000173fcfb0fe0 Thread exited: 0x00000173fcfb0fe0
Event: 58.054 Thread 0x00000173fcadeb60 Thread added: 0x00000173fcfb0fe0


Dynamic libraries:
0x00007ff6975d0000 - 0x00007ff6975de000 	c:\Users\Lenovo\.vscode\extensions\redhat.java-1.56.0-win32-x64\jre\21.0.12.1-win32-x86_64\bin\java.exe
0x00007fffdac60000 - 0x00007fffdaec7000 	C:\WINDOWS\SYSTEM32\ntdll.dll
0x00007fffd9df0000 - 0x00007fffd9ebb000 	C:\WINDOWS\System32\KERNEL32.DLL
0x00007fffd7fb0000 - 0x00007fffd83b2000 	C:\WINDOWS\System32\KERNELBASE.dll
0x00007fffd8820000 - 0x00007fffd896c000 	C:\WINDOWS\System32\ucrtbase.dll
0x00007fffaeb40000 - 0x00007fffaeb58000 	c:\Users\Lenovo\.vscode\extensions\redhat.java-1.56.0-win32-x64\jre\21.0.12.1-win32-x86_64\bin\jli.dll
0x00007fffd9960000 - 0x00007fffd9b2f000 	C:\WINDOWS\System32\USER32.dll
0x00007fffd84f0000 - 0x00007fffd8517000 	C:\WINDOWS\System32\win32u.dll
0x00007fffd8980000 - 0x00007fffd89ab000 	C:\WINDOWS\System32\GDI32.dll
0x00007fffd83c0000 - 0x00007fffd84e9000 	C:\WINDOWS\System32\gdi32full.dll
0x00007fffd86b0000 - 0x00007fffd8753000 	C:\WINDOWS\System32\msvcp_win.dll
0x00007fffa9590000 - 0x00007fffa95ae000 	c:\Users\Lenovo\.vscode\extensions\redhat.java-1.56.0-win32-x64\jre\21.0.12.1-win32-x86_64\bin\VCRUNTIME140.dll
0x00007fffbbe90000 - 0x00007fffbc120000 	C:\WINDOWS\WinSxS\amd64_microsoft.windows.common-controls_6595b64144ccf1df_6.0.26100.9278_none_3e0d1ba8e3303201\COMCTL32.dll
0x00007fffdab70000 - 0x00007fffdac19000 	C:\WINDOWS\System32\msvcrt.dll
0x00007fffdab00000 - 0x00007fffdab31000 	C:\WINDOWS\System32\IMM32.DLL
0x00007fffca7a0000 - 0x00007fffca7ac000 	c:\Users\Lenovo\.vscode\extensions\redhat.java-1.56.0-win32-x64\jre\21.0.12.1-win32-x86_64\bin\vcruntime140_1.dll
0x00007fffa7920000 - 0x00007fffa79ad000 	c:\Users\Lenovo\.vscode\extensions\redhat.java-1.56.0-win32-x64\jre\21.0.12.1-win32-x86_64\bin\msvcp140.dll
0x00007fff336b0000 - 0x00007fff34452000 	c:\Users\Lenovo\.vscode\extensions\redhat.java-1.56.0-win32-x64\jre\21.0.12.1-win32-x86_64\bin\server\jvm.dll
0x00007fffd9b40000 - 0x00007fffd9bfc000 	C:\WINDOWS\System32\ADVAPI32.dll
0x00007fffda6e0000 - 0x00007fffda789000 	C:\WINDOWS\System32\sechost.dll
0x00007fffd90a0000 - 0x00007fffd91b8000 	C:\WINDOWS\System32\RPCRT4.dll
0x00007fffda020000 - 0x00007fffda0a0000 	C:\WINDOWS\System32\WS2_32.dll
0x00007fffd7cc0000 - 0x00007fffd7d1e000 	C:\WINDOWS\SYSTEM32\POWRPROF.dll
0x00007fffa7120000 - 0x00007fffa7156000 	C:\WINDOWS\SYSTEM32\WINMM.dll
0x00007fffc8c00000 - 0x00007fffc8c0b000 	C:\WINDOWS\SYSTEM32\VERSION.dll
0x00007fffd7ca0000 - 0x00007fffd7cb5000 	C:\WINDOWS\SYSTEM32\UMPDC.dll
0x00007fffd6af0000 - 0x00007fffd6b0b000 	C:\WINDOWS\SYSTEM32\kernel.appcore.dll
0x00007fffca2a0000 - 0x00007fffca2aa000 	c:\Users\Lenovo\.vscode\extensions\redhat.java-1.56.0-win32-x64\jre\21.0.12.1-win32-x86_64\bin\jimage.dll
0x00007fffd4f20000 - 0x00007fffd516c000 	C:\WINDOWS\SYSTEM32\DBGHELP.DLL
0x00007fffda0b0000 - 0x00007fffda435000 	C:\WINDOWS\System32\combase.dll
0x00007fffda600000 - 0x00007fffda6d9000 	C:\WINDOWS\System32\OLEAUT32.dll
0x00007fffc6d40000 - 0x00007fffc6d7b000 	C:\WINDOWS\SYSTEM32\dbgcore.DLL
0x00007fffd8760000 - 0x00007fffd880c000 	C:\WINDOWS\System32\bcryptPrimitives.dll
0x00007fffc9640000 - 0x00007fffc964f000 	c:\Users\Lenovo\.vscode\extensions\redhat.java-1.56.0-win32-x64\jre\21.0.12.1-win32-x86_64\bin\instrument.dll
0x00007fffa8a50000 - 0x00007fffa8a70000 	c:\Users\Lenovo\.vscode\extensions\redhat.java-1.56.0-win32-x64\jre\21.0.12.1-win32-x86_64\bin\java.dll
0x00007fffd91c0000 - 0x00007fffd9958000 	C:\WINDOWS\System32\SHELL32.dll
0x00007fffd58a0000 - 0x00007fffd614e000 	C:\WINDOWS\SYSTEM32\windows.storage.dll
0x00007fffd9f20000 - 0x00007fffda01b000 	C:\WINDOWS\System32\SHCORE.dll
0x00007fffda820000 - 0x00007fffda886000 	C:\WINDOWS\System32\shlwapi.dll
0x00007fffd7d80000 - 0x00007fffd7da9000 	C:\WINDOWS\SYSTEM32\profapi.dll
0x00007fffa86e0000 - 0x00007fffa86f8000 	c:\Users\Lenovo\.vscode\extensions\redhat.java-1.56.0-win32-x64\jre\21.0.12.1-win32-x86_64\bin\zip.dll
0x00007fffc97c0000 - 0x00007fffc97d0000 	C:\Users\Lenovo\.vscode\extensions\redhat.java-1.56.0-win32-x64\jre\21.0.12.1-win32-x86_64\bin\net.dll
0x00007fffc8ad0000 - 0x00007fffc8bfa000 	C:\WINDOWS\SYSTEM32\WINHTTP.dll
0x00007fffd70f0000 - 0x00007fffd715c000 	C:\WINDOWS\system32\mswsock.dll
0x00007fffa86c0000 - 0x00007fffa86d6000 	C:\Users\Lenovo\.vscode\extensions\redhat.java-1.56.0-win32-x64\jre\21.0.12.1-win32-x86_64\bin\nio.dll
0x00007fffc6d80000 - 0x00007fffc6d90000 	c:\Users\Lenovo\.vscode\extensions\redhat.java-1.56.0-win32-x64\jre\21.0.12.1-win32-x86_64\bin\verify.dll
0x00007fffa8930000 - 0x00007fffa8975000 	C:\Users\Lenovo\AppData\Roaming\Code\User\globalStorage\redhat.java\1.56.0\config_win\org.eclipse.equinox.launcher\org.eclipse.equinox.launcher.win32.win32.x86_64_1.3.100.v20260804-1928\eclipse_11924.dll
0x00007fffd89d0000 - 0x00007fffd8b6a000 	C:\WINDOWS\System32\ole32.dll
0x00007fffd73e0000 - 0x00007fffd73fb000 	C:\WINDOWS\SYSTEM32\CRYPTSP.dll
0x00007fffd6a50000 - 0x00007fffd6a89000 	C:\WINDOWS\system32\rsaenh.dll
0x00007fffd71a0000 - 0x00007fffd71d4000 	C:\WINDOWS\SYSTEM32\USERENV.dll
0x00007fffd7d50000 - 0x00007fffd7d7a000 	C:\WINDOWS\SYSTEM32\bcrypt.dll
0x00007fffd7400000 - 0x00007fffd740c000 	C:\WINDOWS\SYSTEM32\CRYPTBASE.dll
0x00007fffd64f0000 - 0x00007fffd6523000 	C:\WINDOWS\SYSTEM32\IPHLPAPI.DLL
0x00007fffd8b70000 - 0x00007fffd8b7a000 	C:\WINDOWS\System32\NSI.dll
0x00007fff9ae00000 - 0x00007fff9ae49000 	C:\Users\Lenovo\AppData\Local\Temp\jna--2022488749\jna4718600346666662439.dll
0x00007fffdaac0000 - 0x00007fffdaac8000 	C:\WINDOWS\System32\PSAPI.DLL
0x00007fffc8aa0000 - 0x00007fffc8abd000 	C:\WINDOWS\SYSTEM32\dhcpcsvc6.DLL
0x00007fffc8a70000 - 0x00007fffc8a95000 	C:\WINDOWS\SYSTEM32\dhcpcsvc.DLL
0x00007fffb3c80000 - 0x00007fffb3ca7000 	C:\Users\Lenovo\.gradle\native\660c5614fbf4a5f2a75b1949f50a0caf5cd603558e7d8a26e50b933a0cfb79d1\windows-amd64\native-platform.dll
0x00007fffc17a0000 - 0x00007fffc17aa000 	C:\Users\Lenovo\.vscode\extensions\redhat.java-1.56.0-win32-x64\jre\21.0.12.1-win32-x86_64\bin\management.dll
0x00007fffb6210000 - 0x00007fffb621c000 	C:\Users\Lenovo\.vscode\extensions\redhat.java-1.56.0-win32-x64\jre\21.0.12.1-win32-x86_64\bin\management_ext.dll
0x00007fffb4ff0000 - 0x00007fffb4ff9000 	C:\Users\Lenovo\.vscode\extensions\redhat.java-1.56.0-win32-x64\jre\21.0.12.1-win32-x86_64\bin\extnet.dll
0x00007fffd1150000 - 0x00007fffd115e000 	C:\Users\Lenovo\.vscode\extensions\redhat.java-1.56.0-win32-x64\jre\21.0.12.1-win32-x86_64\bin\sunmscapi.dll
0x00007fffd8520000 - 0x00007fffd869e000 	C:\WINDOWS\System32\CRYPT32.dll
0x00007fffd7620000 - 0x00007fffd7650000 	C:\WINDOWS\SYSTEM32\ncrypt.dll
0x00007fffd75d0000 - 0x00007fffd760f000 	C:\WINDOWS\SYSTEM32\NTASN1.dll
0x00007fffd1140000 - 0x00007fffd1148000 	C:\WINDOWS\system32\wshunix.dll

JVMTI agents:
c:\Users\Lenovo\.vscode\extensions\redhat.java-1.56.0-win32-x64\lombok\lombok-1.18.39-4050.jar path:c:\Users\Lenovo\.vscode\extensions\redhat.java-1.56.0-win32-x64\jre\21.0.12.1-win32-x86_64\bin\instrument.dll, loaded, initialized, instrumentlib options:none

dbghelp: loaded successfully - version: 4.0.5 - missing functions: none
symbol engine: initialized successfully - sym options: 0x614 - pdb path: .;c:\Users\Lenovo\.vscode\extensions\redhat.java-1.56.0-win32-x64\jre\21.0.12.1-win32-x86_64\bin;C:\WINDOWS\SYSTEM32;C:\WINDOWS\WinSxS\amd64_microsoft.windows.common-controls_6595b64144ccf1df_6.0.26100.9278_none_3e0d1ba8e3303201;c:\Users\Lenovo\.vscode\extensions\redhat.java-1.56.0-win32-x64\jre\21.0.12.1-win32-x86_64\bin\server;C:\Users\Lenovo\AppData\Roaming\Code\User\globalStorage\redhat.java\1.56.0\config_win\org.eclipse.equinox.launcher\org.eclipse.equinox.launcher.win32.win32.x86_64_1.3.100.v20260804-1928;C:\Users\Lenovo\AppData\Local\Temp\jna--2022488749;C:\Users\Lenovo\.gradle\native\660c5614fbf4a5f2a75b1949f50a0caf5cd603558e7d8a26e50b933a0cfb79d1\windows-amd64

VM Arguments:
jvm_args: --add-modules=ALL-SYSTEM --add-opens=java.base/java.util=ALL-UNNAMED --add-opens=java.base/java.lang=ALL-UNNAMED --add-opens=java.base/sun.nio.fs=ALL-UNNAMED -Declipse.application=org.eclipse.jdt.ls.core.id1 -Dosgi.bundles.defaultStartLevel=4 -Declipse.product=org.eclipse.jdt.ls.core.product -Djava.import.generatesMetadataFilesAtProjectRoot=false -Dm2e.project.cache.size=50 -DDetectVMInstallationsJob.disabled=true -Dfile.encoding=utf8 -XX:+UseParallelGC -XX:GCTimeRatio=4 -XX:AdaptiveSizePolicyWeight=90 -Dsun.zip.disableMemoryMapping=true -Xmx2G -Xms100m -Xlog:disable -javaagent:c:\Users\Lenovo\.vscode\extensions\redhat.java-1.56.0-win32-x64\lombok\lombok-1.18.39-4050.jar -XX:+HeapDumpOnOutOfMemoryError -XX:HeapDumpPath=c:\Users\Lenovo\AppData\Roaming\Code\User\workspaceStorage\924dcd68363d28c96455ce80cf54f024\redhat.java -Daether.dependencyCollector.impl=bf 
java_command: c:\Users\Lenovo\.vscode\extensions\redhat.java-1.56.0-win32-x64\server\plugins\org.eclipse.equinox.launcher_1.8.0.v20260804-1928.jar -configuration c:\Users\Lenovo\AppData\Roaming\Code\User\globalStorage\redhat.java\1.56.0\config_win -data c:\Users\Lenovo\AppData\Roaming\Code\User\workspaceStorage\924dcd68363d28c96455ce80cf54f024\redhat.java\jdt_ws --stdio
java_class_path (initial): c:\Users\Lenovo\.vscode\extensions\redhat.java-1.56.0-win32-x64\server\plugins\org.eclipse.equinox.launcher_1.8.0.v20260804-1928.jar
Launcher Type: SUN_STANDARD

[Global flags]
    uintx AdaptiveSizePolicyWeight                 = 90                                        {product} {command line}
     intx CICompilerCount                          = 4                                         {product} {ergonomic}
    uintx GCTimeRatio                              = 4                                         {product} {command line}
     bool HeapDumpOnOutOfMemoryError               = true                                   {manageable} {command line}
    ccstr HeapDumpPath                             = c:\Users\Lenovo\AppData\Roaming\Code\User\workspaceStorage\924dcd68363d28c96455ce80cf54f024\redhat.java         {manageable} {command line}
   size_t InitialHeapSize                          = 104857600                                 {product} {command line}
   size_t MaxHeapSize                              = 2147483648                                {product} {command line}
   size_t MaxNewSize                               = 715653120                                 {product} {ergonomic}
   size_t MinHeapDeltaBytes                        = 524288                                    {product} {ergonomic}
   size_t MinHeapSize                              = 104857600                                 {product} {command line}
   size_t NewSize                                  = 34603008                                  {product} {ergonomic}
    uintx NonNMethodCodeHeapSize                   = 5839372                                {pd product} {ergonomic}
    uintx NonProfiledCodeHeapSize                  = 122909434                              {pd product} {ergonomic}
   size_t OldSize                                  = 70254592                                  {product} {ergonomic}
    uintx ProfiledCodeHeapSize                     = 122909434                              {pd product} {ergonomic}
    uintx ReservedCodeCacheSize                    = 251658240                              {pd product} {ergonomic}
     bool SegmentedCodeCache                       = true                                      {product} {ergonomic}
   size_t SoftMaxHeapSize                          = 2147483648                             {manageable} {ergonomic}
     bool UseCompressedOops                        = true                           {product lp64_product} {ergonomic}
     bool UseLargePagesIndividualAllocation        = false                                  {pd product} {ergonomic}
     bool UseParallelGC                            = true                                      {product} {command line}

Logging:
Log output configuration:
 #0: stdout all=off uptime,level,tags foldmultilines=false
 #1: stderr all=off uptime,level,tags foldmultilines=false

Release file:
JAVA_VERSION="21.0.12.1" 
MODULES="java.base java.compiler java.datatransfer java.xml java.prefs java.desktop java.instrument java.logging java.management java.security.sasl java.naming java.rmi java.management.rmi java.net.http java.scripting java.security.jgss java.transaction.xa java.sql java.sql.rowset java.xml.crypto java.se java.smartcardio jdk.accessibility jdk.internal.jvmstat jdk.attach jdk.charsets jdk.internal.opt jdk.zipfs jdk.compiler jdk.crypto.ec jdk.crypto.cryptoki jdk.crypto.mscapi jdk.dynalink jdk.internal.ed jdk.editpad jdk.hotspot.agent jdk.httpserver jdk.internal.le jdk.internal.vm.ci jdk.internal.vm.compiler jdk.internal.vm.compiler.management jdk.jartool jdk.javadoc jdk.jcmd jdk.management jdk.management.agent jdk.jconsole jdk.jdeps jdk.jdwp.agent jdk.jdi jdk.jfr jdk.jshell jdk.jsobject jdk.jstatd jdk.localedata jdk.management.jfr jdk.naming.dns jdk.naming.rmi jdk.net jdk.nio.mapmode jdk.random jdk.sctp jdk.security.auth jdk.security.jgss jdk.unsupported jdk.unsupported.desktop jdk.xml.dom" 

Environment Variables:
JAVA_HOME=C:\Program Files\Java\jdk-21.0.12.1
PATH=C:\Program Files\Common Files\Oracle\Java\javapath;C:\WINDOWS\system32;C:\WINDOWS;C:\WINDOWS\System32\Wbem;C:\WINDOWS\System32\WindowsPowerShell\v1.0\;C:\WINDOWS\System32\OpenSSH\;C:\Program Files\nodejs\;C:\Program Files\Git\cmd;C:\Users\Lenovo\AppData\Local\Microsoft\WindowsApps;C:\Users\Lenovo\AppData\Roaming\npm;C:\Users\Lenovo\AppData\Local\Programs\Microsoft VS Code\bin;C:\Users\Lenovo\AppData\Local\Python\bin;C:\Users\Lenovo\.local\bin;C:\Users\Lenovo\AppData\Local\Python\pythoncore-3.14-64;
USERNAME=Lenovo
OS=Windows_NT
PROCESSOR_IDENTIFIER=Intel64 Family 6 Model 142 Stepping 12, GenuineIntel
TMP=C:\Users\Lenovo\AppData\Local\Temp
TEMP=C:\Users\Lenovo\AppData\Local\Temp




Periodic native trim disabled

---------------  S Y S T E M  ---------------

OS:
 Windows 11 , 64 bit Build 26100 (10.0.26100.9444)
OS uptime: 0 days 0:55 hours
Hyper-V role detected

CPU: total 8 (initial active 8) (4 cores per cpu, 2 threads per core) family 6 model 142 stepping 12 microcode 0xde, cx8, cmov, fxsr, ht, mmx, 3dnowpref, sse, sse2, sse3, ssse3, sse4.1, sse4.2, popcnt, lzcnt, tsc, tscinvbit, avx, avx2, aes, erms, clmul, bmi1, bmi2, adx, fma, vzeroupper, clflush, clflushopt, hv, rdtscp, f16c
Processor Information for the first 8 processors :
  Max Mhz: 2101, Current Mhz: 2101, Mhz Limit: 2101

Memory: 4k page, system-wide physical 7965M (73M free)
TotalPageFile size 32541M (AvailPageFile size 3M)
current process WorkingSet (physical memory assigned to process): 449M, peak: 466M
current process commit charge ("private bytes"): 537M, peak: 543M

vm_info: OpenJDK 64-Bit Server VM (21.0.12.1+1-LTS) for windows-amd64 JRE (21.0.12.1+1-LTS), built on 2026-08-18T00:00:00Z by "admin" with MS VC++ 17.12 (VS2022)

END.
